2026-08-11T00:13:33.723+07:00  INFO 17044 --- [spring-boot-tutorial] [restartedMain] c.e.t.SpringBootTutorialApplication      : Starting SpringBootTutorialApplication using Java 21.0.12 with PID 17044 (D:\Spring boot\spring-boot-tutorial\target\classes started by TUF in D:\Spring boot\spring-boot-tutorial)
2026-08-11T00:13:33.728+07:00 DEBUG 17044 --- [spring-boot-tutorial] [restartedMain] c.e.t.SpringBootTutorialApplication      : Running with Spring Boot v4.1.0, Spring v7.0.8
2026-08-11T00:13:33.729+07:00  INFO 17044 --- [spring-boot-tutorial] [restartedMain] c.e.t.SpringBootTutorialApplication      : No active profile set, falling back to 1 default profile: "default"
2026-08-11T00:13:36.824+07:00  WARN 17044 --- [spring-boot-tutorial] [restartedMain] org.hibernate.orm.jdbc                   : HHH100123: Low default JDBC fetch size: 10 (consider setting 'hibernate.jdbc.fetch_size')
2026-08-11T00:13:38.583+07:00 DEBUG 17044 --- [spring-boot-tutorial] [restartedMain] c.e.t.security.JwtAuthenticationFilter   : Filter 'jwtAuthenticationFilter' configured for use
2026-08-11T00:13:38.661+07:00  WARN 17044 --- [spring-boot-tutorial] [restartedMain] JpaBaseConfiguration$JpaWebConfiguration : spring.jpa.open-in-view is enabled by default. Therefore, database queries may be performed during view rendering. Explicitly configure spring.jpa.open-in-view to disable this warning
2026-08-11T00:13:38.688+07:00  WARN 17044 --- [spring-boot-tutorial] [restartedMain] .s.a.UserDetailsServiceAutoConfiguration : 

Using generated security password: 84a9339b-f0bd-4b86-a618-d404ae5c7eda

This generated password is for development use only. Your security configuration must be updated before running your application in production.

2026-08-11T00:13:39.118+07:00  INFO 17044 --- [spring-boot-tutorial] [restartedMain] c.e.t.SpringBootTutorialApplication      : Started SpringBootTutorialApplication in 5.784 seconds (process running for 6.275)
2026-08-11T01:46:48.975+07:00  WARN 17044 --- [spring-boot-tutorial] [HikariPool-1:housekeeper] com.zaxxer.hikari.pool.HikariPool        : HikariPool-1 - Thread starvation or clock leap detected (housekeeper delta=23m41s813ms398µs601ns).
2026-08-11T15:29:02.560+07:00  INFO 22228 --- [spring-boot-tutorial] [restartedMain] c.e.t.SpringBootTutorialApplication      : Starting SpringBootTutorialApplication using Java 21.0.12 with PID 22228 (D:\Spring boot\spring-boot-tutorial\target\classes started by TUF in D:\Spring boot\spring-boot-tutorial)
2026-08-11T15:29:02.561+07:00 DEBUG 22228 --- [spring-boot-tutorial] [restartedMain] c.e.t.SpringBootTutorialApplication      : Running with Spring Boot v4.1.0, Spring v7.0.8
2026-08-11T15:29:02.561+07:00  INFO 22228 --- [spring-boot-tutorial] [restartedMain] c.e.t.SpringBootTutorialApplication      : No active profile set, falling back to 1 default profile: "default"
2026-08-11T15:29:05.486+07:00  WARN 22228 --- [spring-boot-tutorial] [restartedMain] org.hibernate.orm.jdbc                   : HHH100123: Low default JDBC fetch size: 10 (consider setting 'hibernate.jdbc.fetch_size')
2026-08-11T15:29:08.265+07:00 DEBUG 22228 --- [spring-boot-tutorial] [restartedMain] c.e.t.security.JwtAuthenticationFilter   : Filter 'jwtAuthenticationFilter' configured for use
2026-08-11T15:29:08.337+07:00  WARN 22228 --- [spring-boot-tutorial] [restartedMain] JpaBaseConfiguration$JpaWebConfiguration : spring.jpa.open-in-view is enabled by default. Therefore, database queries may be performed during view rendering. Explicitly configure spring.jpa.open-in-view to disable this warning
2026-08-11T15:29:08.360+07:00  WARN 22228 --- [spring-boot-tutorial] [restartedMain] .s.a.UserDetailsServiceAutoConfiguration : 

Using generated security password: 3dea375a-affd-42fb-bf29-d631e04fadad

This generated password is for development use only. Your security configuration must be updated before running your application in production.

2026-08-11T15:29:08.555+07:00  WARN 22228 --- [spring-boot-tutorial] [restartedMain] o.s.w.s.resource.ResourceHandlerUtils    : Appended trailing slash to static resource location: file:///D:/Spring%20boot/spring-boot-tutorial/uploads/images/
2026-08-11T15:29:08.708+07:00  INFO 22228 --- [spring-boot-tutorial] [restartedMain] c.e.t.SpringBootTutorialApplication      : Started SpringBootTutorialApplication in 6.502 seconds (process running for 7.796)
2026-08-11T15:46:25.098+07:00  WARN 22228 --- [spring-boot-tutorial] [http-nio-8080-exec-2] .m.m.a.ExceptionHandlerExceptionResolver : Resolved [org.springframework.web.multipart.MaxUploadSizeExceededException: Maximum upload size exceeded]
2026-08-11T15:46:41.860+07:00  WARN 22228 --- [spring-boot-tutorial] [http-nio-8080-exec-3] .m.m.a.ExceptionHandlerExceptionResolver : Resolved [org.springframework.web.multipart.MaxUploadSizeExceededException: Maximum upload size exceeded]
2026-08-11T15:46:54.745+07:00 ERROR 22228 --- [spring-boot-tutorial] [http-nio-8080-exec-4] o.a.c.c.C.[.[.[/].[dispatcherServlet]    : Servlet.service() for servlet [dispatcherServlet] in context with path [] threw exception

io.jsonwebtoken.ExpiredJwtException: JWT expired 69003743 milliseconds ago at 2026-08-10T13:36:51.000Z. Current time: 2026-08-11T08:46:54.743Z. Allowed clock skew: 0 milliseconds.
	at io.jsonwebtoken.impl.DefaultJwtParser.parse(DefaultJwtParser.java:691) ~[jjwt-impl-0.12.6.jar:0.12.6]
	at io.jsonwebtoken.impl.DefaultJwtParser.parse(DefaultJwtParser.java:364) ~[jjwt-impl-0.12.6.jar:0.12.6]
	at io.jsonwebtoken.impl.DefaultJwtParser.parse(DefaultJwtParser.java:94) ~[jjwt-impl-0.12.6.jar:0.12.6]
	at io.jsonwebtoken.impl.io.AbstractParser.parse(AbstractParser.java:36) ~[jjwt-impl-0.12.6.jar:0.12.6]
	at io.jsonwebtoken.impl.io.AbstractParser.parse(AbstractParser.java:29) ~[jjwt-impl-0.12.6.jar:0.12.6]
	at io.jsonwebtoken.impl.DefaultJwtParser.parseSignedClaims(DefaultJwtParser.java:830) ~[jjwt-impl-0.12.6.jar:0.12.6]
	at com.example.tutorial.service.JwtService.extractEmail(JwtService.java:40) ~[classes/:na]
	at com.example.tutorial.security.JwtAuthenticationFilter.doFilterInternal(JwtAuthenticationFilter.java:43) ~[classes/:na]
	at org.springframework.web.filter.OncePerRequestFilter.doFilter(OncePerRequestFilter.java:116) ~[spring-web-7.0.8.jar:7.0.8]
	at org.springframework.security.web.FilterChainProxy$VirtualFilterChain.doFilter(FilterChainProxy.java:385) ~[spring-security-web-7.1.0.jar:7.1.0]
	at org.springframework.security.web.authentication.logout.LogoutFilter.doFilter(LogoutFilter.java:110) ~[spring-security-web-7.1.0.jar:7.1.0]
	at org.springframework.security.web.authentication.logout.LogoutFilter.doFilter(LogoutFilter.java:96) ~[spring-security-web-7.1.0.jar:7.1.0]
	at org.springframework.security.web.FilterChainProxy$VirtualFilterChain.doFilter(FilterChainProxy.java:385) ~[spring-security-web-7.1.0.jar:7.1.0]
	at org.springframework.security.web.header.HeaderWriterFilter.doHeadersAfter(HeaderWriterFilter.java:90) ~[spring-security-web-7.1.0.jar:7.1.0]
	at org.springframework.security.web.header.HeaderWriterFilter.doFilterInternal(HeaderWriterFilter.java:75) ~[spring-security-web-7.1.0.jar:7.1.0]
	at org.springframework.web.filter.OncePerRequestFilter.doFilter(OncePerRequestFilter.java:116) ~[spring-web-7.0.8.jar:7.0.8]
	at org.springframework.security.web.FilterChainProxy$VirtualFilterChain.doFilter(FilterChainProxy.java:385) ~[spring-security-web-7.1.0.jar:7.1.0]
	at org.springframework.security.web.context.SecurityContextHolderFilter.doFilter(SecurityContextHolderFilter.java:82) ~[spring-security-web-7.1.0.jar:7.1.0]
	at org.springframework.security.web.context.SecurityContextHolderFilter.doFilter(SecurityContextHolderFilter.java:69) ~[spring-security-web-7.1.0.jar:7.1.0]
	at org.springframework.security.web.FilterChainProxy$VirtualFilterChain.doFilter(FilterChainProxy.java:385) ~[spring-security-web-7.1.0.jar:7.1.0]
	at org.springframework.security.web.context.request.async.WebAsyncManagerIntegrationFilter.doFilterInternal(WebAsyncManagerIntegrationFilter.java:62) ~[spring-security-web-7.1.0.jar:7.1.0]
	at org.springframework.web.filter.OncePerRequestFilter.doFilter(OncePerRequestFilter.java:116) ~[spring-web-7.0.8.jar:7.0.8]
	at org.springframework.security.web.FilterChainProxy$VirtualFilterChain.doFilter(FilterChainProxy.java:385) ~[spring-security-web-7.1.0.jar:7.1.0]
	at org.springframework.security.web.session.DisableEncodeUrlFilter.doFilterInternal(DisableEncodeUrlFilter.java:42) ~[spring-security-web-7.1.0.jar:7.1.0]
	at org.springframework.web.filter.OncePerRequestFilter.doFilter(OncePerRequestFilter.java:116) ~[spring-web-7.0.8.jar:7.0.8]
	at org.springframework.security.web.FilterChainProxy$VirtualFilterChain.doFilter(FilterChainProxy.java:385) ~[spring-security-web-7.1.0.jar:7.1.0]
	at org.springframework.security.web.FilterChainProxy.doFilterInternal(FilterChainProxy.java:237) ~[spring-security-web-7.1.0.jar:7.1.0]
	at org.springframework.security.web.FilterChainProxy.doFilter(FilterChainProxy.java:195) ~[spring-security-web-7.1.0.jar:7.1.0]
	at org.springframework.web.filter.CompositeFilter$VirtualFilterChain.doFilter(CompositeFilter.java:113) ~[spring-web-7.0.8.jar:7.0.8]
	at org.springframework.web.filter.ServletRequestPathFilter.doFilter(ServletRequestPathFilter.java:52) ~[spring-web-7.0.8.jar:7.0.8]
	at org.springframework.web.filter.CompositeFilter$VirtualFilterChain.doFilter(CompositeFilter.java:113) ~[spring-web-7.0.8.jar:7.0.8]
	at org.springframework.web.filter.CompositeFilter.doFilter(CompositeFilter.java:74) ~[spring-web-7.0.8.jar:7.0.8]
	at org.springframework.security.config.annotation.web.configuration.WebSecurityConfiguration$CompositeFilterChainProxy.doFilter(WebSecurityConfiguration.java:317) ~[spring-security-config-7.1.0.jar:7.1.0]
	at org.springframework.web.filter.DelegatingFilterProxy.invokeDelegate(DelegatingFilterProxy.java:355) ~[spring-web-7.0.8.jar:7.0.8]
	at org.springframework.web.filter.DelegatingFilterProxy.doFilter(DelegatingFilterProxy.java:272) ~[spring-web-7.0.8.jar:7.0.8]
	at org.apache.catalina.core.ApplicationFilterChain.doFilter(ApplicationFilterChain.java:107) ~[tomcat-embed-core-11.0.22.jar:11.0.22]
	at org.springframework.web.filter.RequestContextFilter.doFilterInternal(RequestContextFilter.java:100) ~[spring-web-7.0.8.jar:7.0.8]
	at org.springframework.web.filter.OncePerRequestFilter.doFilter(OncePerRequestFilter.java:116) ~[spring-web-7.0.8.jar:7.0.8]
	at org.apache.catalina.core.ApplicationFilterChain.doFilter(ApplicationFilterChain.java:107) ~[tomcat-embed-core-11.0.22.jar:11.0.22]
	at org.springframework.web.filter.FormContentFilter.doFilterInternal(FormContentFilter.java:93) ~[spring-web-7.0.8.jar:7.0.8]
	at org.springframework.web.filter.OncePerRequestFilter.doFilter(OncePerRequestFilter.java:116) ~[spring-web-7.0.8.jar:7.0.8]
	at org.apache.catalina.core.ApplicationFilterChain.doFilter(ApplicationFilterChain.java:107) ~[tomcat-embed-core-11.0.22.jar:11.0.22]
	at org.springframework.web.filter.CharacterEncodingFilter.doFilterInternal(CharacterEncodingFilter.java:199) ~[spring-web-7.0.8.jar:7.0.8]
	at org.springframework.web.filter.OncePerRequestFilter.doFilter(OncePerRequestFilter.java:116) ~[spring-web-7.0.8.jar:7.0.8]
	at org.apache.catalina.core.ApplicationFilterChain.doFilter(ApplicationFilterChain.java:107) ~[tomcat-embed-core-11.0.22.jar:11.0.22]
	at org.springframework.web.filter.OncePerRequestFilter.doFilter(OncePerRequestFilter.java:101) ~[spring-web-7.0.8.jar:7.0.8]
	at org.apache.catalina.core.ApplicationFilterChain.doFilter(ApplicationFilterChain.java:107) ~[tomcat-embed-core-11.0.22.jar:11.0.22]
	at org.apache.catalina.core.StandardWrapperValve.invoke(StandardWrapperValve.java:165) ~[tomcat-embed-core-11.0.22.jar:11.0.22]
	at org.apache.catalina.core.StandardContextValve.invoke(StandardContextValve.java:77) ~[tomcat-embed-core-11.0.22.jar:11.0.22]
	at org.apache.catalina.authenticator.AuthenticatorBase.invoke(AuthenticatorBase.java:492) ~[tomcat-embed-core-11.0.22.jar:11.0.22]
	at org.apache.catalina.core.StandardHostValve.invoke(StandardHostValve.java:113) ~[tomcat-embed-core-11.0.22.jar:11.0.22]
	at org.apache.catalina.valves.ErrorReportValve.invoke(ErrorReportValve.java:83) ~[tomcat-embed-core-11.0.22.jar:11.0.22]
	at org.apache.catalina.core.StandardEngineValve.invoke(StandardEngineValve.java:72) ~[tomcat-embed-core-11.0.22.jar:11.0.22]
	at org.apache.catalina.connector.CoyoteAdapter.service(CoyoteAdapter.java:341) ~[tomcat-embed-core-11.0.22.jar:11.0.22]
	at org.apache.coyote.http11.Http11Processor.service(Http11Processor.java:397) ~[tomcat-embed-core-11.0.22.jar:11.0.22]
	at org.apache.coyote.AbstractProcessorLight.process(AbstractProcessorLight.java:63) ~[tomcat-embed-core-11.0.22.jar:11.0.22]
	at org.apache.coyote.AbstractProtocol$ConnectionHandler.process(AbstractProtocol.java:1272) ~[tomcat-embed-core-11.0.22.jar:11.0.22]
	at org.apache.tomcat.util.net.NioEndpoint$SocketProcessor.doRun(NioEndpoint.java:1801) ~[tomcat-embed-core-11.0.22.jar:11.0.22]
	at org.apache.tomcat.util.net.SocketProcessorBase.run(SocketProcessorBase.java:52) ~[tomcat-embed-core-11.0.22.jar:11.0.22]
	at org.apache.tomcat.util.threads.ThreadPoolExecutor.runWorker(ThreadPoolExecutor.java:946) ~[tomcat-embed-core-11.0.22.jar:11.0.22]
	at org.apache.tomcat.util.threads.ThreadPoolExecutor$Worker.run(ThreadPoolExecutor.java:480) ~[tomcat-embed-core-11.0.22.jar:11.0.22]
	at org.apache.tomcat.util.threads.TaskThread$WrappingRunnable.run(TaskThread.java:57) ~[tomcat-embed-core-11.0.22.jar:11.0.22]
	at java.base/java.lang.Thread.run(Thread.java:1583) ~[na:na]

2026-08-11T15:47:19.357+07:00 DEBUG 22228 --- [spring-boot-tutorial] [http-nio-8080-exec-7] c.e.t.security.JwtAuthenticationFilter   : ========== JWT DEBUG ==========
2026-08-11T15:47:19.357+07:00 DEBUG 22228 --- [spring-boot-tutorial] [http-nio-8080-exec-7] c.e.t.security.JwtAuthenticationFilter   : EMAIL: admin@gmail.com
2026-08-11T15:47:19.358+07:00 DEBUG 22228 --- [spring-boot-tutorial] [http-nio-8080-exec-7] c.e.t.security.JwtAuthenticationFilter   : ROLE: admin
2026-08-11T15:47:19.359+07:00 DEBUG 22228 --- [spring-boot-tutorial] [http-nio-8080-exec-7] c.e.t.security.JwtAuthenticationFilter   : TOKEN VALID: true
2026-08-11T15:47:19.359+07:00 DEBUG 22228 --- [spring-boot-tutorial] [http-nio-8080-exec-7] c.e.t.security.JwtAuthenticationFilter   : ===============================
2026-08-11T15:47:19.361+07:00 DEBUG 22228 --- [spring-boot-tutorial] [http-nio-8080-exec-7] c.e.t.security.JwtAuthenticationFilter   : AUTHORITIES: [ROLE_admin]
2026-08-11T15:47:19.362+07:00 DEBUG 22228 --- [spring-boot-tutorial] [http-nio-8080-exec-7] c.e.t.security.JwtAuthenticationFilter   : AUTHENTICATED: true
2026-08-11T15:47:19.391+07:00  WARN 22228 --- [spring-boot-tutorial] [http-nio-8080-exec-7] .m.m.a.ExceptionHandlerExceptionResolver : Resolved [org.springframework.web.multipart.MaxUploadSizeExceededException: Maximum upload size exceeded]
2026-08-11T15:47:22.324+07:00 DEBUG 22228 --- [spring-boot-tutorial] [http-nio-8080-exec-8] c.e.t.security.JwtAuthenticationFilter   : ========== JWT DEBUG ==========
2026-08-11T15:47:22.324+07:00 DEBUG 22228 --- [spring-boot-tutorial] [http-nio-8080-exec-8] c.e.t.security.JwtAuthenticationFilter   : EMAIL: admin@gmail.com
2026-08-11T15:47:22.324+07:00 DEBUG 22228 --- [spring-boot-tutorial] [http-nio-8080-exec-8] c.e.t.security.JwtAuthenticationFilter   : ROLE: admin
2026-08-11T15:47:22.328+07:00 DEBUG 22228 --- [spring-boot-tutorial] [http-nio-8080-exec-8] c.e.t.security.JwtAuthenticationFilter   : TOKEN VALID: true
2026-08-11T15:47:22.328+07:00 DEBUG 22228 --- [spring-boot-tutorial] [http-nio-8080-exec-8] c.e.t.security.JwtAuthenticationFilter   : ===============================
2026-08-11T15:47:22.329+07:00 DEBUG 22228 --- [spring-boot-tutorial] [http-nio-8080-exec-8] c.e.t.security.JwtAuthenticationFilter   : AUTHORITIES: [ROLE_admin]
2026-08-11T15:47:22.330+07:00 DEBUG 22228 --- [spring-boot-tutorial] [http-nio-8080-exec-8] c.e.t.security.JwtAuthenticationFilter   : AUTHENTICATED: true
2026-08-11T15:47:22.376+07:00  WARN 22228 --- [spring-boot-tutorial] [http-nio-8080-exec-8] .m.m.a.ExceptionHandlerExceptionResolver : Resolved [org.springframework.web.multipart.MaxUploadSizeExceededException: Maximum upload size exceeded]
2026-08-11T15:57:00.843+07:00 DEBUG 22228 --- [spring-boot-tutorial] [http-nio-8080-exec-9] c.e.t.security.JwtAuthenticationFilter   : ========== JWT DEBUG ==========
2026-08-11T15:57:00.843+07:00 DEBUG 22228 --- [spring-boot-tutorial] [http-nio-8080-exec-9] c.e.t.security.JwtAuthenticationFilter   : EMAIL: admin@gmail.com
2026-08-11T15:57:00.843+07:00 DEBUG 22228 --- [spring-boot-tutorial] [http-nio-8080-exec-9] c.e.t.security.JwtAuthenticationFilter   : ROLE: admin
2026-08-11T15:57:00.843+07:00 DEBUG 22228 --- [spring-boot-tutorial] [http-nio-8080-exec-9] c.e.t.security.JwtAuthenticationFilter   : TOKEN VALID: true
2026-08-11T15:57:00.843+07:00 DEBUG 22228 --- [spring-boot-tutorial] [http-nio-8080-exec-9] c.e.t.security.JwtAuthenticationFilter   : ===============================
2026-08-11T15:57:00.843+07:00 DEBUG 22228 --- [spring-boot-tutorial] [http-nio-8080-exec-9] c.e.t.security.JwtAuthenticationFilter   : AUTHORITIES: [ROLE_admin]
2026-08-11T15:57:00.843+07:00 DEBUG 22228 --- [spring-boot-tutorial] [http-nio-8080-exec-9] c.e.t.security.JwtAuthenticationFilter   : AUTHENTICATED: true
2026-08-11T15:57:00.875+07:00  WARN 22228 --- [spring-boot-tutorial] [http-nio-8080-exec-9] .m.m.a.ExceptionHandlerExceptionResolver : Resolved [org.springframework.web.multipart.MaxUploadSizeExceededException: Maximum upload size exceeded]
2026-08-11T15:59:53.002+07:00  INFO 22228 --- [spring-boot-tutorial] [restartedMain] c.e.t.SpringBootTutorialApplication      : Starting SpringBootTutorialApplication using Java 21.0.12 with PID 22228 (D:\Spring boot\spring-boot-tutorial\target\classes started by TUF in D:\Spring boot\spring-boot-tutorial)
2026-08-11T15:59:53.002+07:00 DEBUG 22228 --- [spring-boot-tutorial] [restartedMain] c.e.t.SpringBootTutorialApplication      : Running with Spring Boot v4.1.0, Spring v7.0.8
2026-08-11T15:59:53.002+07:00  INFO 22228 --- [spring-boot-tutorial] [restartedMain] c.e.t.SpringBootTutorialApplication      : No active profile set, falling back to 1 default profile: "default"
2026-08-11T15:59:53.675+07:00  WARN 22228 --- [spring-boot-tutorial] [restartedMain] org.hibernate.orm.jdbc                   : HHH100123: Low default JDBC fetch size: 10 (consider setting 'hibernate.jdbc.fetch_size')
2026-08-11T15:59:54.947+07:00 DEBUG 22228 --- [spring-boot-tutorial] [restartedMain] c.e.t.security.JwtAuthenticationFilter   : Filter 'jwtAuthenticationFilter' configured for use
2026-08-11T15:59:54.981+07:00  WARN 22228 --- [spring-boot-tutorial] [restartedMain] JpaBaseConfiguration$JpaWebConfiguration : spring.jpa.open-in-view is enabled by default. Therefore, database queries may be performed during view rendering. Explicitly configure spring.jpa.open-in-view to disable this warning
2026-08-11T15:59:54.990+07:00  WARN 22228 --- [spring-boot-tutorial] [restartedMain] .s.a.UserDetailsServiceAutoConfiguration : 

Using generated security password: 6ad260c9-4f29-4634-b837-4966a7e55365

This generated password is for development use only. Your security configuration must be updated before running your application in production.

2026-08-11T15:59:55.043+07:00  WARN 22228 --- [spring-boot-tutorial] [restartedMain] o.s.w.s.resource.ResourceHandlerUtils    : Appended trailing slash to static resource location: file:///D:/Spring%20boot/spring-boot-tutorial/uploads/images/
2026-08-11T15:59:55.078+07:00  INFO 22228 --- [spring-boot-tutorial] [restartedMain] c.e.t.SpringBootTutorialApplication      : Started SpringBootTutorialApplication in 2.131 seconds (process running for 1854.166)
2026-08-11T15:59:58.598+07:00 DEBUG 22228 --- [spring-boot-tutorial] [http-nio-8080-exec-2] c.e.t.security.JwtAuthenticationFilter   : ========== JWT DEBUG ==========
2026-08-11T15:59:58.598+07:00 DEBUG 22228 --- [spring-boot-tutorial] [http-nio-8080-exec-2] c.e.t.security.JwtAuthenticationFilter   : EMAIL: admin@gmail.com
2026-08-11T15:59:58.598+07:00 DEBUG 22228 --- [spring-boot-tutorial] [http-nio-8080-exec-2] c.e.t.security.JwtAuthenticationFilter   : ROLE: admin
2026-08-11T15:59:58.598+07:00 DEBUG 22228 --- [spring-boot-tutorial] [http-nio-8080-exec-2] c.e.t.security.JwtAuthenticationFilter   : TOKEN VALID: true
2026-08-11T15:59:58.598+07:00 DEBUG 22228 --- [spring-boot-tutorial] [http-nio-8080-exec-2] c.e.t.security.JwtAuthenticationFilter   : ===============================
2026-08-11T15:59:58.598+07:00 DEBUG 22228 --- [spring-boot-tutorial] [http-nio-8080-exec-2] c.e.t.security.JwtAuthenticationFilter   : AUTHORITIES: [ROLE_admin]
2026-08-11T15:59:58.598+07:00 DEBUG 22228 --- [spring-boot-tutorial] [http-nio-8080-exec-2] c.e.t.security.JwtAuthenticationFilter   : AUTHENTICATED: true
2026-08-11T15:59:58.688+07:00  WARN 22228 --- [spring-boot-tutorial] [http-nio-8080-exec-2] .m.m.a.ExceptionHandlerExceptionResolver : Resolved [org.springframework.web.servlet.resource.NoResourceFoundException: No static resource api/auth/users for request '/api/auth/users'.]
2026-08-11T16:03:30.631+07:00 DEBUG 22228 --- [spring-boot-tutorial] [http-nio-8080-exec-1] c.e.t.security.JwtAuthenticationFilter   : ========== JWT DEBUG ==========
2026-08-11T16:03:30.631+07:00 DEBUG 22228 --- [spring-boot-tutorial] [http-nio-8080-exec-1] c.e.t.security.JwtAuthenticationFilter   : EMAIL: admin@gmail.com
2026-08-11T16:03:30.631+07:00 DEBUG 22228 --- [spring-boot-tutorial] [http-nio-8080-exec-1] c.e.t.security.JwtAuthenticationFilter   : ROLE: admin
2026-08-11T16:03:30.634+07:00 DEBUG 22228 --- [spring-boot-tutorial] [http-nio-8080-exec-1] c.e.t.security.JwtAuthenticationFilter   : TOKEN VALID: true
2026-08-11T16:03:30.634+07:00 DEBUG 22228 --- [spring-boot-tutorial] [http-nio-8080-exec-1] c.e.t.security.JwtAuthenticationFilter   : ===============================
2026-08-11T16:03:30.634+07:00 DEBUG 22228 --- [spring-boot-tutorial] [http-nio-8080-exec-1] c.e.t.security.JwtAuthenticationFilter   : AUTHORITIES: [ROLE_admin]
2026-08-11T16:03:30.634+07:00 DEBUG 22228 --- [spring-boot-tutorial] [http-nio-8080-exec-1] c.e.t.security.JwtAuthenticationFilter   : AUTHENTICATED: true
2026-08-11T16:03:30.671+07:00  WARN 22228 --- [spring-boot-tutorial] [http-nio-8080-exec-1] .m.m.a.ExceptionHandlerExceptionResolver : Resolved [org.springframework.web.HttpMediaTypeNotSupportedException: Content-Type 'multipart/form-data;boundary=------------------------iJXNa7uZlDl4xS9DFgpfm9;charset=UTF-8' is not supported]
2026-08-11T16:07:27.017+07:00 DEBUG 22228 --- [spring-boot-tutorial] [http-nio-8080-exec-6] c.e.t.security.JwtAuthenticationFilter   : ========== JWT DEBUG ==========
2026-08-11T16:07:27.017+07:00 DEBUG 22228 --- [spring-boot-tutorial] [http-nio-8080-exec-6] c.e.t.security.JwtAuthenticationFilter   : EMAIL: admin@gmail.com
2026-08-11T16:07:27.017+07:00 DEBUG 22228 --- [spring-boot-tutorial] [http-nio-8080-exec-6] c.e.t.security.JwtAuthenticationFilter   : ROLE: admin
2026-08-11T16:07:27.031+07:00 DEBUG 22228 --- [spring-boot-tutorial] [http-nio-8080-exec-6] c.e.t.security.JwtAuthenticationFilter   : TOKEN VALID: true
2026-08-11T16:07:27.033+07:00 DEBUG 22228 --- [spring-boot-tutorial] [http-nio-8080-exec-6] c.e.t.security.JwtAuthenticationFilter   : ===============================
2026-08-11T16:07:27.033+07:00 DEBUG 22228 --- [spring-boot-tutorial] [http-nio-8080-exec-6] c.e.t.security.JwtAuthenticationFilter   : AUTHORITIES: [ROLE_admin]
2026-08-11T16:07:27.033+07:00 DEBUG 22228 --- [spring-boot-tutorial] [http-nio-8080-exec-6] c.e.t.security.JwtAuthenticationFilter   : AUTHENTICATED: true
2026-08-11T16:07:27.064+07:00  WARN 22228 --- [spring-boot-tutorial] [http-nio-8080-exec-6] .m.m.a.ExceptionHandlerExceptionResolver : Resolved [org.springframework.web.HttpMediaTypeNotSupportedException: Content-Type 'multipart/form-data;boundary=------------------------0sQQOLEj7NpAcyeayvvwRR;charset=UTF-8' is not supported]
2026-08-11T16:07:37.486+07:00 DEBUG 22228 --- [spring-boot-tutorial] [http-nio-8080-exec-10] c.e.t.security.JwtAuthenticationFilter   : ========== JWT DEBUG ==========
2026-08-11T16:07:37.486+07:00 DEBUG 22228 --- [spring-boot-tutorial] [http-nio-8080-exec-10] c.e.t.security.JwtAuthenticationFilter   : EMAIL: admin@gmail.com
2026-08-11T16:07:37.486+07:00 DEBUG 22228 --- [spring-boot-tutorial] [http-nio-8080-exec-10] c.e.t.security.JwtAuthenticationFilter   : ROLE: admin
2026-08-11T16:07:37.486+07:00 DEBUG 22228 --- [spring-boot-tutorial] [http-nio-8080-exec-10] c.e.t.security.JwtAuthenticationFilter   : TOKEN VALID: true
2026-08-11T16:07:37.486+07:00 DEBUG 22228 --- [spring-boot-tutorial] [http-nio-8080-exec-10] c.e.t.security.JwtAuthenticationFilter   : ===============================
2026-08-11T16:07:37.486+07:00 DEBUG 22228 --- [spring-boot-tutorial] [http-nio-8080-exec-10] c.e.t.security.JwtAuthenticationFilter   : AUTHORITIES: [ROLE_admin]
2026-08-11T16:07:37.486+07:00 DEBUG 22228 --- [spring-boot-tutorial] [http-nio-8080-exec-10] c.e.t.security.JwtAuthenticationFilter   : AUTHENTICATED: true
2026-08-11T16:07:37.514+07:00  WARN 22228 --- [spring-boot-tutorial] [http-nio-8080-exec-10] .m.m.a.ExceptionHandlerExceptionResolver : Resolved [org.springframework.web.HttpMediaTypeNotSupportedException: Content-Type 'multipart/form-data;boundary=------------------------EZvUdMSJe9qZ0zCRbCioCO;charset=UTF-8' is not supported]
2026-08-11T16:08:53.557+07:00 DEBUG 22228 --- [spring-boot-tutorial] [http-nio-8080-exec-5] c.e.t.security.JwtAuthenticationFilter   : ========== JWT DEBUG ==========
2026-08-11T16:08:53.557+07:00 DEBUG 22228 --- [spring-boot-tutorial] [http-nio-8080-exec-5] c.e.t.security.JwtAuthenticationFilter   : EMAIL: admin@gmail.com
2026-08-11T16:08:53.557+07:00 DEBUG 22228 --- [spring-boot-tutorial] [http-nio-8080-exec-5] c.e.t.security.JwtAuthenticationFilter   : ROLE: admin
2026-08-11T16:08:53.557+07:00 DEBUG 22228 --- [spring-boot-tutorial] [http-nio-8080-exec-5] c.e.t.security.JwtAuthenticationFilter   : TOKEN VALID: true
2026-08-11T16:08:53.557+07:00 DEBUG 22228 --- [spring-boot-tutorial] [http-nio-8080-exec-5] c.e.t.security.JwtAuthenticationFilter   : ===============================
2026-08-11T16:08:53.557+07:00 DEBUG 22228 --- [spring-boot-tutorial] [http-nio-8080-exec-5] c.e.t.security.JwtAuthenticationFilter   : AUTHORITIES: [ROLE_admin]
2026-08-11T16:08:53.557+07:00 DEBUG 22228 --- [spring-boot-tutorial] [http-nio-8080-exec-5] c.e.t.security.JwtAuthenticationFilter   : AUTHENTICATED: true
2026-08-11T16:08:53.592+07:00  WARN 22228 --- [spring-boot-tutorial] [http-nio-8080-exec-5] .m.m.a.ExceptionHandlerExceptionResolver : Resolved [org.springframework.web.HttpMediaTypeNotSupportedException: Content-Type 'multipart/form-data;boundary=------------------------aocfGtJaUKSbaWZGd546cX;charset=UTF-8' is not supported]
2026-08-11T16:09:08.963+07:00  INFO 8320 --- [spring-boot-tutorial] [restartedMain] c.e.t.SpringBootTutorialApplication      : Starting SpringBootTutorialApplication using Java 21.0.12 with PID 8320 (D:\Spring boot\spring-boot-tutorial\target\classes started by TUF in D:\Spring boot\spring-boot-tutorial)
2026-08-11T16:09:08.965+07:00 DEBUG 8320 --- [spring-boot-tutorial] [restartedMain] c.e.t.SpringBootTutorialApplication      : Running with Spring Boot v4.1.0, Spring v7.0.8
2026-08-11T16:09:08.965+07:00  INFO 8320 --- [spring-boot-tutorial] [restartedMain] c.e.t.SpringBootTutorialApplication      : No active profile set, falling back to 1 default profile: "default"
2026-08-11T16:09:11.411+07:00  WARN 8320 --- [spring-boot-tutorial] [restartedMain] org.hibernate.orm.jdbc                   : HHH100123: Low default JDBC fetch size: 10 (consider setting 'hibernate.jdbc.fetch_size')
2026-08-11T16:09:12.833+07:00 DEBUG 8320 --- [spring-boot-tutorial] [restartedMain] c.e.t.security.JwtAuthenticationFilter   : Filter 'jwtAuthenticationFilter' configured for use
2026-08-11T16:09:12.907+07:00  WARN 8320 --- [spring-boot-tutorial] [restartedMain] JpaBaseConfiguration$JpaWebConfiguration : spring.jpa.open-in-view is enabled by default. Therefore, database queries may be performed during view rendering. Explicitly configure spring.jpa.open-in-view to disable this warning
2026-08-11T16:09:12.928+07:00  WARN 8320 --- [spring-boot-tutorial] [restartedMain] .s.a.UserDetailsServiceAutoConfiguration : 

Using generated security password: b15f07e2-b246-4054-9c19-9961de86cdfa

This generated password is for development use only. Your security configuration must be updated before running your application in production.

2026-08-11T16:09:13.097+07:00  WARN 8320 --- [spring-boot-tutorial] [restartedMain] o.s.w.s.resource.ResourceHandlerUtils    : Appended trailing slash to static resource location: file:///D:/Spring%20boot/spring-boot-tutorial/uploads/images/
2026-08-11T16:09:13.231+07:00  INFO 8320 --- [spring-boot-tutorial] [restartedMain] c.e.t.SpringBootTutorialApplication      : Started SpringBootTutorialApplication in 4.578 seconds (process running for 5.827)
2026-08-11T16:09:20.721+07:00  WARN 8320 --- [spring-boot-tutorial] [http-nio-8080-exec-1] .m.m.a.ExceptionHandlerExceptionResolver : Resolved [org.springframework.web.HttpMediaTypeNotSupportedException: Content-Type 'multipart/form-data;boundary=------------------------tgOGl6pJ2Q1IABEcm7jl9n;charset=UTF-8' is not supported]
2026-08-11T16:10:21.153+07:00  WARN 8320 --- [spring-boot-tutorial] [http-nio-8080-exec-2] .m.m.a.ExceptionHandlerExceptionResolver : Resolved [org.springframework.web.HttpMediaTypeNotSupportedException: Content-Type 'multipart/form-data;boundary=------------------------azPJHGRoWHLGJRPk15Abj8;charset=UTF-8' is not supported]
2026-08-11T16:10:26.462+07:00  INFO 8320 --- [spring-boot-tutorial] [restartedMain] c.e.t.SpringBootTutorialApplication      : Starting SpringBootTutorialApplication using Java 21.0.12 with PID 8320 (D:\Spring boot\spring-boot-tutorial\target\classes started by TUF in D:\Spring boot\spring-boot-tutorial)
2026-08-11T16:10:26.463+07:00 DEBUG 8320 --- [spring-boot-tutorial] [restartedMain] c.e.t.SpringBootTutorialApplication      : Running with Spring Boot v4.1.0, Spring v7.0.8
2026-08-11T16:10:26.463+07:00  INFO 8320 --- [spring-boot-tutorial] [restartedMain] c.e.t.SpringBootTutorialApplication      : No active profile set, falling back to 1 default profile: "default"
2026-08-11T16:10:26.826+07:00  WARN 8320 --- [spring-boot-tutorial] [restartedMain] org.hibernate.orm.jdbc                   : HHH100123: Low default JDBC fetch size: 10 (consider setting 'hibernate.jdbc.fetch_size')
2026-08-11T16:10:26.956+07:00 DEBUG 8320 --- [spring-boot-tutorial] [restartedMain] c.e.t.security.JwtAuthenticationFilter   : Filter 'jwtAuthenticationFilter' configured for use
2026-08-11T16:10:26.989+07:00  WARN 8320 --- [spring-boot-tutorial] [restartedMain] JpaBaseConfiguration$JpaWebConfiguration : spring.jpa.open-in-view is enabled by default. Therefore, database queries may be performed during view rendering. Explicitly configure spring.jpa.open-in-view to disable this warning
2026-08-11T16:10:26.997+07:00  WARN 8320 --- [spring-boot-tutorial] [restartedMain] .s.a.UserDetailsServiceAutoConfiguration : 

Using generated security password: 02f57109-54d2-4e6c-bc2b-9d3d81773fe2

This generated password is for development use only. Your security configuration must be updated before running your application in production.

2026-08-11T16:10:27.051+07:00  WARN 8320 --- [spring-boot-tutorial] [restartedMain] o.s.w.s.resource.ResourceHandlerUtils    : Appended trailing slash to static resource location: file:///D:/Spring%20boot/spring-boot-tutorial/uploads/images/
2026-08-11T16:10:27.089+07:00  INFO 8320 --- [spring-boot-tutorial] [restartedMain] c.e.t.SpringBootTutorialApplication      : Started SpringBootTutorialApplication in 0.644 seconds (process running for 79.684)
2026-08-11T16:10:28.598+07:00  INFO 8320 --- [spring-boot-tutorial] [restartedMain] c.e.t.SpringBootTutorialApplication      : Starting SpringBootTutorialApplication using Java 21.0.12 with PID 8320 (D:\Spring boot\spring-boot-tutorial\target\classes started by TUF in D:\Spring boot\spring-boot-tutorial)
2026-08-11T16:10:28.598+07:00 DEBUG 8320 --- [spring-boot-tutorial] [restartedMain] c.e.t.SpringBootTutorialApplication      : Running with Spring Boot v4.1.0, Spring v7.0.8
2026-08-11T16:10:28.598+07:00  INFO 8320 --- [spring-boot-tutorial] [restartedMain] c.e.t.SpringBootTutorialApplication      : No active profile set, falling back to 1 default profile: "default"
2026-08-11T16:10:29.211+07:00  WARN 8320 --- [spring-boot-tutorial] [restartedMain] org.hibernate.orm.jdbc                   : HHH100123: Low default JDBC fetch size: 10 (consider setting 'hibernate.jdbc.fetch_size')
2026-08-11T16:10:29.319+07:00 DEBUG 8320 --- [spring-boot-tutorial] [restartedMain] c.e.t.security.JwtAuthenticationFilter   : Filter 'jwtAuthenticationFilter' configured for use
2026-08-11T16:10:29.345+07:00  WARN 8320 --- [spring-boot-tutorial] [restartedMain] JpaBaseConfiguration$JpaWebConfiguration : spring.jpa.open-in-view is enabled by default. Therefore, database queries may be performed during view rendering. Explicitly configure spring.jpa.open-in-view to disable this warning
2026-08-11T16:10:29.357+07:00  WARN 8320 --- [spring-boot-tutorial] [restartedMain] .s.a.UserDetailsServiceAutoConfiguration : 

Using generated security password: 0ee3e6c7-6adc-466c-805e-df564af93d58

This generated password is for development use only. Your security configuration must be updated before running your application in production.

2026-08-11T16:10:29.409+07:00  WARN 8320 --- [spring-boot-tutorial] [restartedMain] o.s.w.s.resource.ResourceHandlerUtils    : Appended trailing slash to static resource location: file:///D:/Spring%20boot/spring-boot-tutorial/uploads/images/
2026-08-11T16:10:29.446+07:00  INFO 8320 --- [spring-boot-tutorial] [restartedMain] c.e.t.SpringBootTutorialApplication      : Started SpringBootTutorialApplication in 0.88 seconds (process running for 82.041)
2026-08-11T16:10:37.021+07:00  WARN 8320 --- [spring-boot-tutorial] [http-nio-8080-exec-1] .m.m.a.ExceptionHandlerExceptionResolver : Resolved [org.springframework.web.bind.MethodArgumentNotValidException: Validation failed for argument [0] in public com.example.tutorial.response.ApiResponse<com.example.tutorial.dto.Response.UserResponse> com.example.tutorial.controller.UserController.createUser(com.example.tutorial.dto.Request.UserRequest): [Field error in object 'userRequest' on field 'roleId': rejected value [null]; codes [NotNull.userRequest.roleId,NotNull.roleId,NotNull.java.lang.Long,NotNull]; arguments [org.springframework.context.support.DefaultMessageSourceResolvable: codes [userRequest.roleId,roleId]; arguments []; default message [roleId]]; default message [Role is required]] ]
2026-08-11T16:13:10.106+07:00  WARN 8320 --- [spring-boot-tutorial] [http-nio-8080-exec-2] .m.m.a.ExceptionHandlerExceptionResolver : Resolved [org.springframework.web.bind.MethodArgumentNotValidException: Validation failed for argument [0] in public com.example.tutorial.response.ApiResponse<com.example.tutorial.dto.Response.UserResponse> com.example.tutorial.controller.UserController.createUser(com.example.tutorial.dto.Request.UserRequest): [Field error in object 'userRequest' on field 'roleId': rejected value [null]; codes [NotNull.userRequest.roleId,NotNull.roleId,NotNull.java.lang.Long,NotNull]; arguments [org.springframework.context.support.DefaultMessageSourceResolvable: codes [userRequest.roleId,roleId]; arguments []; default message [roleId]]; default message [Role is required]] ]
2026-08-11T16:13:11.233+07:00  INFO 8320 --- [spring-boot-tutorial] [restartedMain] c.e.t.SpringBootTutorialApplication      : Starting SpringBootTutorialApplication using Java 21.0.12 with PID 8320 (D:\Spring boot\spring-boot-tutorial\target\classes started by TUF in D:\Spring boot\spring-boot-tutorial)
2026-08-11T16:13:11.233+07:00 DEBUG 8320 --- [spring-boot-tutorial] [restartedMain] c.e.t.SpringBootTutorialApplication      : Running with Spring Boot v4.1.0, Spring v7.0.8
2026-08-11T16:13:11.233+07:00  INFO 8320 --- [spring-boot-tutorial] [restartedMain] c.e.t.SpringBootTutorialApplication      : No active profile set, falling back to 1 default profile: "default"
2026-08-11T16:13:11.827+07:00  WARN 8320 --- [spring-boot-tutorial] [restartedMain] org.hibernate.orm.jdbc                   : HHH100123: Low default JDBC fetch size: 10 (consider setting 'hibernate.jdbc.fetch_size')
2026-08-11T16:13:12.032+07:00 DEBUG 8320 --- [spring-boot-tutorial] [restartedMain] c.e.t.security.JwtAuthenticationFilter   : Filter 'jwtAuthenticationFilter' configured for use
2026-08-11T16:13:12.080+07:00  WARN 8320 --- [spring-boot-tutorial] [restartedMain] ConfigServletWebServerApplicationContext : Exception encountered during context initialization - cancelling refresh attempt: org.springframework.beans.factory.BeanCreationException: Error creating bean with name 'userController': Lookup method resolution failed
2026-08-11T16:13:12.176+07:00  WARN 8320 --- [spring-boot-tutorial] [restartedMain] o.a.c.loader.WebappClassLoaderBase       : The web application [ROOT] appears to have started a thread named [OJDBC-WORKER-THREAD-3] but has failed to stop it. This is very likely to create a memory leak. Stack trace of thread:
 java.base/jdk.internal.misc.Unsafe.park(Native Method)
 java.base/java.util.concurrent.locks.LockSupport.parkNanos(LockSupport.java:410)
 java.base/java.util.concurrent.LinkedTransferQueue$DualNode.await(LinkedTransferQueue.java:452)
 java.base/java.util.concurrent.SynchronousQueue$Transferer.xferLifo(SynchronousQueue.java:194)
 java.base/java.util.concurrent.SynchronousQueue.xfer(SynchronousQueue.java:235)
 java.base/java.util.concurrent.SynchronousQueue.poll(SynchronousQueue.java:338)
 java.base/java.util.concurrent.ThreadPoolExecutor.getTask(ThreadPoolExecutor.java:1069)
 java.base/java.util.concurrent.ThreadPoolExecutor.runWorker(ThreadPoolExecutor.java:1130)
 java.base/java.util.concurrent.ThreadPoolExecutor$Worker.run(ThreadPoolExecutor.java:642)
 java.base/java.lang.Thread.run(Thread.java:1583)
2026-08-11T16:13:12.199+07:00 ERROR 8320 --- [spring-boot-tutorial] [restartedMain] o.s.boot.SpringApplication               : Application run failed

org.springframework.beans.factory.BeanCreationException: Error creating bean with name 'userController': Lookup method resolution failed
	at org.springframework.beans.factory.annotation.AutowiredAnnotationBeanPostProcessor.checkLookupMethods(AutowiredAnnotationBeanPostProcessor.java:482) ~[spring-beans-7.0.8.jar:7.0.8]
	at org.springframework.beans.factory.annotation.AutowiredAnnotationBeanPostProcessor.determineCandidateConstructors(AutowiredAnnotationBeanPostProcessor.java:352) ~[spring-beans-7.0.8.jar:7.0.8]
	at org.springframework.beans.factory.support.AbstractAutowireCapableBeanFactory.determineConstructorsFromBeanPostProcessors(AbstractAutowireCapableBeanFactory.java:1319) ~[spring-beans-7.0.8.jar:7.0.8]
	at org.springframework.beans.factory.support.AbstractAutowireCapableBeanFactory.createBeanInstance(AbstractAutowireCapableBeanFactory.java:1216) ~[spring-beans-7.0.8.jar:7.0.8]
	at org.springframework.beans.factory.support.AbstractAutowireCapableBeanFactory.doCreateBean(AbstractAutowireCapableBeanFactory.java:565) ~[spring-beans-7.0.8.jar:7.0.8]
	at org.springframework.beans.factory.support.AbstractAutowireCapableBeanFactory.createBean(AbstractAutowireCapableBeanFactory.java:525) ~[spring-beans-7.0.8.jar:7.0.8]
	at org.springframework.beans.factory.support.AbstractBeanFactory.lambda$doGetBean$0(AbstractBeanFactory.java:333) ~[spring-beans-7.0.8.jar:7.0.8]
	at org.springframework.beans.factory.support.DefaultSingletonBeanRegistry.getSingleton(DefaultSingletonBeanRegistry.java:371) ~[spring-beans-7.0.8.jar:7.0.8]
	at org.springframework.beans.factory.support.AbstractBeanFactory.doGetBean(AbstractBeanFactory.java:331) ~[spring-beans-7.0.8.jar:7.0.8]
	at org.springframework.beans.factory.support.AbstractBeanFactory.getBean(AbstractBeanFactory.java:196) ~[spring-beans-7.0.8.jar:7.0.8]
	at org.springframework.beans.factory.support.DefaultListableBeanFactory.instantiateSingleton(DefaultListableBeanFactory.java:1225) ~[spring-beans-7.0.8.jar:7.0.8]
	at org.springframework.beans.factory.support.DefaultListableBeanFactory.preInstantiateSingleton(DefaultListableBeanFactory.java:1191) ~[spring-beans-7.0.8.jar:7.0.8]
	at org.springframework.beans.factory.support.DefaultListableBeanFactory.preInstantiateSingletons(DefaultListableBeanFactory.java:1121) ~[spring-beans-7.0.8.jar:7.0.8]
	at org.springframework.context.support.AbstractApplicationContext.finishBeanFactoryInitialization(AbstractApplicationContext.java:994) ~[spring-context-7.0.8.jar:7.0.8]
	at org.springframework.context.support.AbstractApplicationContext.refresh(AbstractApplicationContext.java:621) ~[spring-context-7.0.8.jar:7.0.8]
	at org.springframework.boot.web.server.servlet.context.ServletWebServerApplicationContext.refresh(ServletWebServerApplicationContext.java:143) ~[spring-boot-web-server-4.1.0.jar:4.1.0]
	at org.springframework.boot.SpringApplication.refresh(SpringApplication.java:756) ~[spring-boot-4.1.0.jar:4.1.0]
	at org.springframework.boot.SpringApplication.refreshContext(SpringApplication.java:445) ~[spring-boot-4.1.0.jar:4.1.0]
	at org.springframework.boot.SpringApplication.run(SpringApplication.java:321) ~[spring-boot-4.1.0.jar:4.1.0]
	at org.springframework.boot.SpringApplication.run(SpringApplication.java:1365) ~[spring-boot-4.1.0.jar:4.1.0]
	at org.springframework.boot.SpringApplication.run(SpringApplication.java:1354) ~[spring-boot-4.1.0.jar:4.1.0]
	at com.example.tutorial.SpringBootTutorialApplication.main(SpringBootTutorialApplication.java:10) ~[classes/:na]
	at java.base/jdk.internal.reflect.DirectMethodHandleAccessor.invoke(DirectMethodHandleAccessor.java:103) ~[na:na]
	at java.base/java.lang.reflect.Method.invoke(Method.java:580) ~[na:na]
	at org.springframework.boot.devtools.restart.RestartLauncher.run(RestartLauncher.java:52) ~[spring-boot-devtools-4.1.0.jar:4.1.0]
Caused by: java.lang.IllegalStateException: Failed to introspect Class [com.example.tutorial.controller.UserController] from ClassLoader [org.springframework.boot.devtools.restart.classloader.RestartClassLoader@6a6a9340]
	at org.springframework.util.ReflectionUtils.getDeclaredMethods(ReflectionUtils.java:483) ~[spring-core-7.0.8.jar:7.0.8]
	at org.springframework.util.ReflectionUtils.doWithLocalMethods(ReflectionUtils.java:320) ~[spring-core-7.0.8.jar:7.0.8]
	at org.springframework.beans.factory.annotation.AutowiredAnnotationBeanPostProcessor.checkLookupMethods(AutowiredAnnotationBeanPostProcessor.java:460) ~[spring-beans-7.0.8.jar:7.0.8]
	... 24 common frames omitted
Caused by: java.lang.NoClassDefFoundError: com/example/tutorial/dto/Request/UserRequest
	at java.base/java.lang.Class.getDeclaredMethods0(Native Method) ~[na:na]
	at java.base/java.lang.Class.privateGetDeclaredMethods(Class.java:3580) ~[na:na]
	at java.base/java.lang.Class.getDeclaredMethods(Class.java:2678) ~[na:na]
	at org.springframework.util.ReflectionUtils.getDeclaredMethods(ReflectionUtils.java:465) ~[spring-core-7.0.8.jar:7.0.8]
	... 26 common frames omitted
Caused by: java.lang.ClassNotFoundException: com.example.tutorial.dto.Request.UserRequest
	at java.base/jdk.internal.loader.BuiltinClassLoader.loadClass(BuiltinClassLoader.java:641) ~[na:na]
	at java.base/jdk.internal.loader.ClassLoaders$AppClassLoader.loadClass(ClassLoaders.java:188) ~[na:na]
	at java.base/java.lang.ClassLoader.loadClass(ClassLoader.java:526) ~[na:na]
	at java.base/java.lang.Class.forName0(Native Method) ~[na:na]
	at java.base/java.lang.Class.forName(Class.java:536) ~[na:na]
	at java.base/java.lang.Class.forName(Class.java:515) ~[na:na]
	at org.springframework.boot.devtools.restart.classloader.RestartClassLoader.loadClass(RestartClassLoader.java:123) ~[spring-boot-devtools-4.1.0.jar:4.1.0]
	at java.base/java.lang.ClassLoader.loadClass(ClassLoader.java:526) ~[na:na]
	... 30 common frames omitted

2026-08-11T16:13:13.652+07:00  INFO 8320 --- [spring-boot-tutorial] [restartedMain] c.e.t.SpringBootTutorialApplication      : Starting SpringBootTutorialApplication using Java 21.0.12 with PID 8320 (D:\Spring boot\spring-boot-tutorial\target\classes started by TUF in D:\Spring boot\spring-boot-tutorial)
2026-08-11T16:13:13.652+07:00 DEBUG 8320 --- [spring-boot-tutorial] [restartedMain] c.e.t.SpringBootTutorialApplication      : Running with Spring Boot v4.1.0, Spring v7.0.8
2026-08-11T16:13:13.652+07:00  INFO 8320 --- [spring-boot-tutorial] [restartedMain] c.e.t.SpringBootTutorialApplication      : No active profile set, falling back to 1 default profile: "default"
2026-08-11T16:13:14.056+07:00  WARN 8320 --- [spring-boot-tutorial] [restartedMain] org.hibernate.orm.jdbc                   : HHH100123: Low default JDBC fetch size: 10 (consider setting 'hibernate.jdbc.fetch_size')
2026-08-11T16:13:14.186+07:00 DEBUG 8320 --- [spring-boot-tutorial] [restartedMain] c.e.t.security.JwtAuthenticationFilter   : Filter 'jwtAuthenticationFilter' configured for use
2026-08-11T16:13:14.218+07:00  WARN 8320 --- [spring-boot-tutorial] [restartedMain] ConfigServletWebServerApplicationContext : Exception encountered during context initialization - cancelling refresh attempt: org.springframework.beans.factory.UnsatisfiedDependencyException: Error creating bean with name 'userController' defined in file [D:\Spring boot\spring-boot-tutorial\target\classes\com\example\tutorial\controller\UserController.class]: Unsatisfied dependency expressed through constructor parameter 0: No qualifying bean of type 'com.example.tutorial.service.UserService' available: expected at least 1 bean which qualifies as autowire candidate. Dependency annotations: {}
2026-08-11T16:13:14.300+07:00 ERROR 8320 --- [spring-boot-tutorial] [restartedMain] o.s.b.d.LoggingFailureAnalysisReporter   : 

***************************
APPLICATION FAILED TO START
***************************

Description:

Parameter 0 of constructor in com.example.tutorial.controller.UserController required a bean of type 'com.example.tutorial.service.UserService' that could not be found.


Action:

Consider defining a bean of type 'com.example.tutorial.service.UserService' in your configuration.

2026-08-11T16:13:20.835+07:00  INFO 8320 --- [spring-boot-tutorial] [restartedMain] c.e.t.SpringBootTutorialApplication      : Starting SpringBootTutorialApplication using Java 21.0.12 with PID 8320 (D:\Spring boot\spring-boot-tutorial\target\classes started by TUF in D:\Spring boot\spring-boot-tutorial)
2026-08-11T16:13:20.835+07:00 DEBUG 8320 --- [spring-boot-tutorial] [restartedMain] c.e.t.SpringBootTutorialApplication      : Running with Spring Boot v4.1.0, Spring v7.0.8
2026-08-11T16:13:20.835+07:00  INFO 8320 --- [spring-boot-tutorial] [restartedMain] c.e.t.SpringBootTutorialApplication      : No active profile set, falling back to 1 default profile: "default"
2026-08-11T16:13:21.488+07:00  WARN 8320 --- [spring-boot-tutorial] [restartedMain] org.hibernate.orm.jdbc                   : HHH100123: Low default JDBC fetch size: 10 (consider setting 'hibernate.jdbc.fetch_size')
2026-08-11T16:13:21.731+07:00 DEBUG 8320 --- [spring-boot-tutorial] [restartedMain] c.e.t.security.JwtAuthenticationFilter   : Filter 'jwtAuthenticationFilter' configured for use
2026-08-11T16:13:21.794+07:00  WARN 8320 --- [spring-boot-tutorial] [restartedMain] ConfigServletWebServerApplicationContext : Exception encountered during context initialization - cancelling refresh attempt: org.springframework.beans.factory.BeanCreationException: Error creating bean with name 'userController': Lookup method resolution failed
2026-08-11T16:13:21.836+07:00 ERROR 8320 --- [spring-boot-tutorial] [restartedMain] o.s.boot.SpringApplication               : Application run failed

org.springframework.beans.factory.BeanCreationException: Error creating bean with name 'userController': Lookup method resolution failed
	at org.springframework.beans.factory.annotation.AutowiredAnnotationBeanPostProcessor.checkLookupMethods(AutowiredAnnotationBeanPostProcessor.java:482) ~[spring-beans-7.0.8.jar:7.0.8]
	at org.springframework.beans.factory.annotation.AutowiredAnnotationBeanPostProcessor.determineCandidateConstructors(AutowiredAnnotationBeanPostProcessor.java:352) ~[spring-beans-7.0.8.jar:7.0.8]
	at org.springframework.beans.factory.support.AbstractAutowireCapableBeanFactory.determineConstructorsFromBeanPostProcessors(AbstractAutowireCapableBeanFactory.java:1319) ~[spring-beans-7.0.8.jar:7.0.8]
	at org.springframework.beans.factory.support.AbstractAutowireCapableBeanFactory.createBeanInstance(AbstractAutowireCapableBeanFactory.java:1216) ~[spring-beans-7.0.8.jar:7.0.8]
	at org.springframework.beans.factory.support.AbstractAutowireCapableBeanFactory.doCreateBean(AbstractAutowireCapableBeanFactory.java:565) ~[spring-beans-7.0.8.jar:7.0.8]
	at org.springframework.beans.factory.support.AbstractAutowireCapableBeanFactory.createBean(AbstractAutowireCapableBeanFactory.java:525) ~[spring-beans-7.0.8.jar:7.0.8]
	at org.springframework.beans.factory.support.AbstractBeanFactory.lambda$doGetBean$0(AbstractBeanFactory.java:333) ~[spring-beans-7.0.8.jar:7.0.8]
	at org.springframework.beans.factory.support.DefaultSingletonBeanRegistry.getSingleton(DefaultSingletonBeanRegistry.java:371) ~[spring-beans-7.0.8.jar:7.0.8]
	at org.springframework.beans.factory.support.AbstractBeanFactory.doGetBean(AbstractBeanFactory.java:331) ~[spring-beans-7.0.8.jar:7.0.8]
	at org.springframework.beans.factory.support.AbstractBeanFactory.getBean(AbstractBeanFactory.java:196) ~[spring-beans-7.0.8.jar:7.0.8]
	at org.springframework.beans.factory.support.DefaultListableBeanFactory.instantiateSingleton(DefaultListableBeanFactory.java:1225) ~[spring-beans-7.0.8.jar:7.0.8]
	at org.springframework.beans.factory.support.DefaultListableBeanFactory.preInstantiateSingleton(DefaultListableBeanFactory.java:1191) ~[spring-beans-7.0.8.jar:7.0.8]
	at org.springframework.beans.factory.support.DefaultListableBeanFactory.preInstantiateSingletons(DefaultListableBeanFactory.java:1121) ~[spring-beans-7.0.8.jar:7.0.8]
	at org.springframework.context.support.AbstractApplicationContext.finishBeanFactoryInitialization(AbstractApplicationContext.java:994) ~[spring-context-7.0.8.jar:7.0.8]
	at org.springframework.context.support.AbstractApplicationContext.refresh(AbstractApplicationContext.java:621) ~[spring-context-7.0.8.jar:7.0.8]
	at org.springframework.boot.web.server.servlet.context.ServletWebServerApplicationContext.refresh(ServletWebServerApplicationContext.java:143) ~[spring-boot-web-server-4.1.0.jar:4.1.0]
	at org.springframework.boot.SpringApplication.refresh(SpringApplication.java:756) ~[spring-boot-4.1.0.jar:4.1.0]
	at org.springframework.boot.SpringApplication.refreshContext(SpringApplication.java:445) ~[spring-boot-4.1.0.jar:4.1.0]
	at org.springframework.boot.SpringApplication.run(SpringApplication.java:321) ~[spring-boot-4.1.0.jar:4.1.0]
	at org.springframework.boot.SpringApplication.run(SpringApplication.java:1365) ~[spring-boot-4.1.0.jar:4.1.0]
	at org.springframework.boot.SpringApplication.run(SpringApplication.java:1354) ~[spring-boot-4.1.0.jar:4.1.0]
	at com.example.tutorial.SpringBootTutorialApplication.main(SpringBootTutorialApplication.java:10) ~[classes/:na]
	at java.base/jdk.internal.reflect.DirectMethodHandleAccessor.invoke(DirectMethodHandleAccessor.java:103) ~[na:na]
	at java.base/java.lang.reflect.Method.invoke(Method.java:580) ~[na:na]
	at org.springframework.boot.devtools.restart.RestartLauncher.run(RestartLauncher.java:52) ~[spring-boot-devtools-4.1.0.jar:4.1.0]
Caused by: java.lang.IllegalStateException: Failed to introspect Class [com.example.tutorial.controller.UserController] from ClassLoader [org.springframework.boot.devtools.restart.classloader.RestartClassLoader@73744edb]
	at org.springframework.util.ReflectionUtils.getDeclaredMethods(ReflectionUtils.java:483) ~[spring-core-7.0.8.jar:7.0.8]
	at org.springframework.util.ReflectionUtils.doWithLocalMethods(ReflectionUtils.java:320) ~[spring-core-7.0.8.jar:7.0.8]
	at org.springframework.beans.factory.annotation.AutowiredAnnotationBeanPostProcessor.checkLookupMethods(AutowiredAnnotationBeanPostProcessor.java:460) ~[spring-beans-7.0.8.jar:7.0.8]
	... 24 common frames omitted
Caused by: java.lang.NoClassDefFoundError: com/example/tutorial/dto/Request/UserRequest
	at java.base/java.lang.Class.getDeclaredMethods0(Native Method) ~[na:na]
	at java.base/java.lang.Class.privateGetDeclaredMethods(Class.java:3580) ~[na:na]
	at java.base/java.lang.Class.getDeclaredMethods(Class.java:2678) ~[na:na]
	at org.springframework.util.ReflectionUtils.getDeclaredMethods(ReflectionUtils.java:465) ~[spring-core-7.0.8.jar:7.0.8]
	... 26 common frames omitted
Caused by: java.lang.ClassNotFoundException: com.example.tutorial.dto.Request.UserRequest
	at java.base/jdk.internal.loader.BuiltinClassLoader.loadClass(BuiltinClassLoader.java:641) ~[na:na]
	at java.base/jdk.internal.loader.ClassLoaders$AppClassLoader.loadClass(ClassLoaders.java:188) ~[na:na]
	at java.base/java.lang.ClassLoader.loadClass(ClassLoader.java:526) ~[na:na]
	at java.base/java.lang.Class.forName0(Native Method) ~[na:na]
	at java.base/java.lang.Class.forName(Class.java:536) ~[na:na]
	at java.base/java.lang.Class.forName(Class.java:515) ~[na:na]
	at org.springframework.boot.devtools.restart.classloader.RestartClassLoader.loadClass(RestartClassLoader.java:123) ~[spring-boot-devtools-4.1.0.jar:4.1.0]
	at java.base/java.lang.ClassLoader.loadClass(ClassLoader.java:526) ~[na:na]
	... 30 common frames omitted

2026-08-11T16:13:23.287+07:00  INFO 8320 --- [spring-boot-tutorial] [restartedMain] c.e.t.SpringBootTutorialApplication      : Starting SpringBootTutorialApplication using Java 21.0.12 with PID 8320 (D:\Spring boot\spring-boot-tutorial\target\classes started by TUF in D:\Spring boot\spring-boot-tutorial)
2026-08-11T16:13:23.287+07:00 DEBUG 8320 --- [spring-boot-tutorial] [restartedMain] c.e.t.SpringBootTutorialApplication      : Running with Spring Boot v4.1.0, Spring v7.0.8
2026-08-11T16:13:23.287+07:00  INFO 8320 --- [spring-boot-tutorial] [restartedMain] c.e.t.SpringBootTutorialApplication      : No active profile set, falling back to 1 default profile: "default"
2026-08-11T16:13:23.857+07:00  WARN 8320 --- [spring-boot-tutorial] [restartedMain] org.hibernate.orm.jdbc                   : HHH100123: Low default JDBC fetch size: 10 (consider setting 'hibernate.jdbc.fetch_size')
2026-08-11T16:13:24.078+07:00 DEBUG 8320 --- [spring-boot-tutorial] [restartedMain] c.e.t.security.JwtAuthenticationFilter   : Filter 'jwtAuthenticationFilter' configured for use
2026-08-11T16:13:24.113+07:00  WARN 8320 --- [spring-boot-tutorial] [restartedMain] ConfigServletWebServerApplicationContext : Exception encountered during context initialization - cancelling refresh attempt: org.springframework.beans.factory.UnsatisfiedDependencyException: Error creating bean with name 'userController' defined in file [D:\Spring boot\spring-boot-tutorial\target\classes\com\example\tutorial\controller\UserController.class]: Unsatisfied dependency expressed through constructor parameter 0: No qualifying bean of type 'com.example.tutorial.service.UserService' available: expected at least 1 bean which qualifies as autowire candidate. Dependency annotations: {}
2026-08-11T16:13:24.197+07:00 ERROR 8320 --- [spring-boot-tutorial] [restartedMain] o.s.b.d.LoggingFailureAnalysisReporter   : 

***************************
APPLICATION FAILED TO START
***************************

Description:

Parameter 0 of constructor in com.example.tutorial.controller.UserController required a bean of type 'com.example.tutorial.service.UserService' that could not be found.


Action:

Consider defining a bean of type 'com.example.tutorial.service.UserService' in your configuration.

2026-08-11T16:19:26.073+07:00  INFO 14836 --- [spring-boot-tutorial] [restartedMain] c.e.t.SpringBootTutorialApplication      : Starting SpringBootTutorialApplication using Java 21.0.12 with PID 14836 (D:\Spring boot\spring-boot-tutorial\target\classes started by TUF in D:\Spring boot\spring-boot-tutorial)
2026-08-11T16:19:26.074+07:00 DEBUG 14836 --- [spring-boot-tutorial] [restartedMain] c.e.t.SpringBootTutorialApplication      : Running with Spring Boot v4.1.0, Spring v7.0.8
2026-08-11T16:19:26.075+07:00  INFO 14836 --- [spring-boot-tutorial] [restartedMain] c.e.t.SpringBootTutorialApplication      : No active profile set, falling back to 1 default profile: "default"
2026-08-11T16:19:28.122+07:00  WARN 14836 --- [spring-boot-tutorial] [restartedMain] org.hibernate.orm.jdbc                   : HHH100123: Low default JDBC fetch size: 10 (consider setting 'hibernate.jdbc.fetch_size')
2026-08-11T16:19:29.441+07:00 DEBUG 14836 --- [spring-boot-tutorial] [restartedMain] c.e.t.security.JwtAuthenticationFilter   : Filter 'jwtAuthenticationFilter' configured for use
2026-08-11T16:19:29.515+07:00  WARN 14836 --- [spring-boot-tutorial] [restartedMain] JpaBaseConfiguration$JpaWebConfiguration : spring.jpa.open-in-view is enabled by default. Therefore, database queries may be performed during view rendering. Explicitly configure spring.jpa.open-in-view to disable this warning
2026-08-11T16:19:29.536+07:00  WARN 14836 --- [spring-boot-tutorial] [restartedMain] .s.a.UserDetailsServiceAutoConfiguration : 

Using generated security password: 4e420ddd-b6e8-4b37-ab2b-40f67fae0aab

This generated password is for development use only. Your security configuration must be updated before running your application in production.

2026-08-11T16:19:29.713+07:00  WARN 14836 --- [spring-boot-tutorial] [restartedMain] o.s.w.s.resource.ResourceHandlerUtils    : Appended trailing slash to static resource location: file:///D:/Spring%20boot/spring-boot-tutorial/uploads/images/
2026-08-11T16:19:29.854+07:00  INFO 14836 --- [spring-boot-tutorial] [restartedMain] c.e.t.SpringBootTutorialApplication      : Started SpringBootTutorialApplication in 4.072 seconds (process running for 4.398)
2026-08-11T16:20:33.154+07:00  INFO 14836 --- [spring-boot-tutorial] [restartedMain] c.e.t.SpringBootTutorialApplication      : Starting SpringBootTutorialApplication using Java 21.0.12 with PID 14836 (D:\Spring boot\spring-boot-tutorial\target\classes started by TUF in D:\Spring boot\spring-boot-tutorial)
2026-08-11T16:20:33.154+07:00 DEBUG 14836 --- [spring-boot-tutorial] [restartedMain] c.e.t.SpringBootTutorialApplication      : Running with Spring Boot v4.1.0, Spring v7.0.8
2026-08-11T16:20:33.154+07:00  INFO 14836 --- [spring-boot-tutorial] [restartedMain] c.e.t.SpringBootTutorialApplication      : No active profile set, falling back to 1 default profile: "default"
2026-08-11T16:20:34.239+07:00  WARN 14836 --- [spring-boot-tutorial] [restartedMain] org.hibernate.orm.jdbc                   : HHH100123: Low default JDBC fetch size: 10 (consider setting 'hibernate.jdbc.fetch_size')
2026-08-11T16:20:34.502+07:00 DEBUG 14836 --- [spring-boot-tutorial] [restartedMain] c.e.t.security.JwtAuthenticationFilter   : Filter 'jwtAuthenticationFilter' configured for use
2026-08-11T16:20:34.561+07:00  WARN 14836 --- [spring-boot-tutorial] [restartedMain] ConfigServletWebServerApplicationContext : Exception encountered during context initialization - cancelling refresh attempt: org.springframework.beans.factory.UnsatisfiedDependencyException: Error creating bean with name 'userController' defined in file [D:\Spring boot\spring-boot-tutorial\target\classes\com\example\tutorial\controller\UserController.class]: Unsatisfied dependency expressed through constructor parameter 0: Error creating bean with name 'userServiceImpl': Lookup method resolution failed
2026-08-11T16:20:34.576+07:00  WARN 14836 --- [spring-boot-tutorial] [restartedMain] o.a.c.loader.WebappClassLoaderBase       : The web application [ROOT] appears to have started a thread named [OJDBC-WORKER-THREAD-2] but has failed to stop it. This is very likely to create a memory leak. Stack trace of thread:
 java.base/jdk.internal.misc.Unsafe.park(Native Method)
 java.base/java.util.concurrent.locks.LockSupport.parkNanos(LockSupport.java:410)
 java.base/java.util.concurrent.LinkedTransferQueue$DualNode.await(LinkedTransferQueue.java:452)
 java.base/java.util.concurrent.SynchronousQueue$Transferer.xferLifo(SynchronousQueue.java:194)
 java.base/java.util.concurrent.SynchronousQueue.xfer(SynchronousQueue.java:235)
 java.base/java.util.concurrent.SynchronousQueue.poll(SynchronousQueue.java:338)
 java.base/java.util.concurrent.ThreadPoolExecutor.getTask(ThreadPoolExecutor.java:1069)
 java.base/java.util.concurrent.ThreadPoolExecutor.runWorker(ThreadPoolExecutor.java:1130)
 java.base/java.util.concurrent.ThreadPoolExecutor$Worker.run(ThreadPoolExecutor.java:642)
 java.base/java.lang.Thread.run(Thread.java:1583)
2026-08-11T16:20:34.610+07:00 ERROR 14836 --- [spring-boot-tutorial] [restartedMain] o.s.boot.SpringApplication               : Application run failed

org.springframework.beans.factory.UnsatisfiedDependencyException: Error creating bean with name 'userController' defined in file [D:\Spring boot\spring-boot-tutorial\target\classes\com\example\tutorial\controller\UserController.class]: Unsatisfied dependency expressed through constructor parameter 0: Error creating bean with name 'userServiceImpl': Lookup method resolution failed
	at org.springframework.beans.factory.support.ConstructorResolver.createArgumentArray(ConstructorResolver.java:804) ~[spring-beans-7.0.8.jar:7.0.8]
	at org.springframework.beans.factory.support.ConstructorResolver.autowireConstructor(ConstructorResolver.java:240) ~[spring-beans-7.0.8.jar:7.0.8]
	at org.springframework.beans.factory.support.AbstractAutowireCapableBeanFactory.autowireConstructor(AbstractAutowireCapableBeanFactory.java:1380) ~[spring-beans-7.0.8.jar:7.0.8]
	at org.springframework.beans.factory.support.AbstractAutowireCapableBeanFactory.createBeanInstance(AbstractAutowireCapableBeanFactory.java:1219) ~[spring-beans-7.0.8.jar:7.0.8]
	at org.springframework.beans.factory.support.AbstractAutowireCapableBeanFactory.doCreateBean(AbstractAutowireCapableBeanFactory.java:565) ~[spring-beans-7.0.8.jar:7.0.8]
	at org.springframework.beans.factory.support.AbstractAutowireCapableBeanFactory.createBean(AbstractAutowireCapableBeanFactory.java:525) ~[spring-beans-7.0.8.jar:7.0.8]
	at org.springframework.beans.factory.support.AbstractBeanFactory.lambda$doGetBean$0(AbstractBeanFactory.java:333) ~[spring-beans-7.0.8.jar:7.0.8]
	at org.springframework.beans.factory.support.DefaultSingletonBeanRegistry.getSingleton(DefaultSingletonBeanRegistry.java:371) ~[spring-beans-7.0.8.jar:7.0.8]
	at org.springframework.beans.factory.support.AbstractBeanFactory.doGetBean(AbstractBeanFactory.java:331) ~[spring-beans-7.0.8.jar:7.0.8]
	at org.springframework.beans.factory.support.AbstractBeanFactory.getBean(AbstractBeanFactory.java:196) ~[spring-beans-7.0.8.jar:7.0.8]
	at org.springframework.beans.factory.support.DefaultListableBeanFactory.instantiateSingleton(DefaultListableBeanFactory.java:1225) ~[spring-beans-7.0.8.jar:7.0.8]
	at org.springframework.beans.factory.support.DefaultListableBeanFactory.preInstantiateSingleton(DefaultListableBeanFactory.java:1191) ~[spring-beans-7.0.8.jar:7.0.8]
	at org.springframework.beans.factory.support.DefaultListableBeanFactory.preInstantiateSingletons(DefaultListableBeanFactory.java:1121) ~[spring-beans-7.0.8.jar:7.0.8]
	at org.springframework.context.support.AbstractApplicationContext.finishBeanFactoryInitialization(AbstractApplicationContext.java:994) ~[spring-context-7.0.8.jar:7.0.8]
	at org.springframework.context.support.AbstractApplicationContext.refresh(AbstractApplicationContext.java:621) ~[spring-context-7.0.8.jar:7.0.8]
	at org.springframework.boot.web.server.servlet.context.ServletWebServerApplicationContext.refresh(ServletWebServerApplicationContext.java:143) ~[spring-boot-web-server-4.1.0.jar:4.1.0]
	at org.springframework.boot.SpringApplication.refresh(SpringApplication.java:756) ~[spring-boot-4.1.0.jar:4.1.0]
	at org.springframework.boot.SpringApplication.refreshContext(SpringApplication.java:445) ~[spring-boot-4.1.0.jar:4.1.0]
	at org.springframework.boot.SpringApplication.run(SpringApplication.java:321) ~[spring-boot-4.1.0.jar:4.1.0]
	at org.springframework.boot.SpringApplication.run(SpringApplication.java:1365) ~[spring-boot-4.1.0.jar:4.1.0]
	at org.springframework.boot.SpringApplication.run(SpringApplication.java:1354) ~[spring-boot-4.1.0.jar:4.1.0]
	at com.example.tutorial.SpringBootTutorialApplication.main(SpringBootTutorialApplication.java:10) ~[classes/:na]
	at java.base/jdk.internal.reflect.DirectMethodHandleAccessor.invoke(DirectMethodHandleAccessor.java:103) ~[na:na]
	at java.base/java.lang.reflect.Method.invoke(Method.java:580) ~[na:na]
	at org.springframework.boot.devtools.restart.RestartLauncher.run(RestartLauncher.java:52) ~[spring-boot-devtools-4.1.0.jar:4.1.0]
Caused by: org.springframework.beans.factory.BeanCreationException: Error creating bean with name 'userServiceImpl': Lookup method resolution failed
	at org.springframework.beans.factory.annotation.AutowiredAnnotationBeanPostProcessor.checkLookupMethods(AutowiredAnnotationBeanPostProcessor.java:482) ~[spring-beans-7.0.8.jar:7.0.8]
	at org.springframework.beans.factory.annotation.AutowiredAnnotationBeanPostProcessor.determineCandidateConstructors(AutowiredAnnotationBeanPostProcessor.java:352) ~[spring-beans-7.0.8.jar:7.0.8]
	at org.springframework.beans.factory.support.AbstractAutowireCapableBeanFactory.determineConstructorsFromBeanPostProcessors(AbstractAutowireCapableBeanFactory.java:1319) ~[spring-beans-7.0.8.jar:7.0.8]
	at org.springframework.beans.factory.support.AbstractAutowireCapableBeanFactory.createBeanInstance(AbstractAutowireCapableBeanFactory.java:1216) ~[spring-beans-7.0.8.jar:7.0.8]
	at org.springframework.beans.factory.support.AbstractAutowireCapableBeanFactory.doCreateBean(AbstractAutowireCapableBeanFactory.java:565) ~[spring-beans-7.0.8.jar:7.0.8]
	at org.springframework.beans.factory.support.AbstractAutowireCapableBeanFactory.createBean(AbstractAutowireCapableBeanFactory.java:525) ~[spring-beans-7.0.8.jar:7.0.8]
	at org.springframework.beans.factory.support.AbstractBeanFactory.lambda$doGetBean$0(AbstractBeanFactory.java:333) ~[spring-beans-7.0.8.jar:7.0.8]
	at org.springframework.beans.factory.support.DefaultSingletonBeanRegistry.getSingleton(DefaultSingletonBeanRegistry.java:371) ~[spring-beans-7.0.8.jar:7.0.8]
	at org.springframework.beans.factory.support.AbstractBeanFactory.doGetBean(AbstractBeanFactory.java:331) ~[spring-beans-7.0.8.jar:7.0.8]
	at org.springframework.beans.factory.support.AbstractBeanFactory.getBean(AbstractBeanFactory.java:201) ~[spring-beans-7.0.8.jar:7.0.8]
	at org.springframework.beans.factory.config.DependencyDescriptor.resolveCandidate(DependencyDescriptor.java:229) ~[spring-beans-7.0.8.jar:7.0.8]
	at org.springframework.beans.factory.support.DefaultListableBeanFactory.doResolveDependency(DefaultListableBeanFactory.java:1769) ~[spring-beans-7.0.8.jar:7.0.8]
	at org.springframework.beans.factory.support.DefaultListableBeanFactory.resolveDependency(DefaultListableBeanFactory.java:1658) ~[spring-beans-7.0.8.jar:7.0.8]
	at org.springframework.beans.factory.support.ConstructorResolver.resolveAutowiredArgument(ConstructorResolver.java:912) ~[spring-beans-7.0.8.jar:7.0.8]
	at org.springframework.beans.factory.support.ConstructorResolver.createArgumentArray(ConstructorResolver.java:791) ~[spring-beans-7.0.8.jar:7.0.8]
	... 24 common frames omitted
Caused by: java.lang.IllegalStateException: Failed to introspect Class [com.example.tutorial.service.impl.UserServiceImpl] from ClassLoader [org.springframework.boot.devtools.restart.classloader.RestartClassLoader@60a9554c]
	at org.springframework.util.ReflectionUtils.getDeclaredMethods(ReflectionUtils.java:483) ~[spring-core-7.0.8.jar:7.0.8]
	at org.springframework.util.ReflectionUtils.doWithLocalMethods(ReflectionUtils.java:320) ~[spring-core-7.0.8.jar:7.0.8]
	at org.springframework.beans.factory.annotation.AutowiredAnnotationBeanPostProcessor.checkLookupMethods(AutowiredAnnotationBeanPostProcessor.java:460) ~[spring-beans-7.0.8.jar:7.0.8]
	... 38 common frames omitted
Caused by: java.lang.NoClassDefFoundError: com/example/tutorial/dto/Response/UserResponse
	at java.base/java.lang.Class.getDeclaredMethods0(Native Method) ~[na:na]
	at java.base/java.lang.Class.privateGetDeclaredMethods(Class.java:3580) ~[na:na]
	at java.base/java.lang.Class.getDeclaredMethods(Class.java:2678) ~[na:na]
	at org.springframework.util.ReflectionUtils.getDeclaredMethods(ReflectionUtils.java:465) ~[spring-core-7.0.8.jar:7.0.8]
	... 40 common frames omitted
Caused by: java.lang.ClassNotFoundException: com.example.tutorial.dto.Response.UserResponse
	at java.base/jdk.internal.loader.BuiltinClassLoader.loadClass(BuiltinClassLoader.java:641) ~[na:na]
	at java.base/jdk.internal.loader.ClassLoaders$AppClassLoader.loadClass(ClassLoaders.java:188) ~[na:na]
	at java.base/java.lang.ClassLoader.loadClass(ClassLoader.java:526) ~[na:na]
	at java.base/java.lang.Class.forName0(Native Method) ~[na:na]
	at java.base/java.lang.Class.forName(Class.java:536) ~[na:na]
	at java.base/java.lang.Class.forName(Class.java:515) ~[na:na]
	at org.springframework.boot.devtools.restart.classloader.RestartClassLoader.loadClass(RestartClassLoader.java:123) ~[spring-boot-devtools-4.1.0.jar:4.1.0]
	at java.base/java.lang.ClassLoader.loadClass(ClassLoader.java:526) ~[na:na]
	... 44 common frames omitted

2026-08-11T16:20:36.076+07:00  INFO 14836 --- [spring-boot-tutorial] [restartedMain] c.e.t.SpringBootTutorialApplication      : Starting SpringBootTutorialApplication using Java 21.0.12 with PID 14836 (D:\Spring boot\spring-boot-tutorial\target\classes started by TUF in D:\Spring boot\spring-boot-tutorial)
2026-08-11T16:20:36.076+07:00 DEBUG 14836 --- [spring-boot-tutorial] [restartedMain] c.e.t.SpringBootTutorialApplication      : Running with Spring Boot v4.1.0, Spring v7.0.8
2026-08-11T16:20:36.076+07:00  INFO 14836 --- [spring-boot-tutorial] [restartedMain] c.e.t.SpringBootTutorialApplication      : No active profile set, falling back to 1 default profile: "default"
2026-08-11T16:20:36.811+07:00  WARN 14836 --- [spring-boot-tutorial] [restartedMain] org.hibernate.orm.jdbc                   : HHH100123: Low default JDBC fetch size: 10 (consider setting 'hibernate.jdbc.fetch_size')
2026-08-11T16:20:36.958+07:00 DEBUG 14836 --- [spring-boot-tutorial] [restartedMain] c.e.t.security.JwtAuthenticationFilter   : Filter 'jwtAuthenticationFilter' configured for use
2026-08-11T16:20:36.985+07:00  WARN 14836 --- [spring-boot-tutorial] [restartedMain] JpaBaseConfiguration$JpaWebConfiguration : spring.jpa.open-in-view is enabled by default. Therefore, database queries may be performed during view rendering. Explicitly configure spring.jpa.open-in-view to disable this warning
2026-08-11T16:20:36.993+07:00  WARN 14836 --- [spring-boot-tutorial] [restartedMain] .s.a.UserDetailsServiceAutoConfiguration : 

Using generated security password: 9c30b112-e64b-4ae3-ba76-786374323564

This generated password is for development use only. Your security configuration must be updated before running your application in production.

2026-08-11T16:20:37.114+07:00  INFO 14836 --- [spring-boot-tutorial] [restartedMain] c.e.t.SpringBootTutorialApplication      : Started SpringBootTutorialApplication in 1.07 seconds (process running for 71.657)
2026-08-11T16:21:16.289+07:00  WARN 14836 --- [spring-boot-tutorial] [http-nio-8080-exec-7] .m.m.a.ExceptionHandlerExceptionResolver : Resolved [com.example.tutorial.exception.ResourceNotFoundException: User Not Found]
2026-08-11T16:21:18.186+07:00  WARN 14836 --- [spring-boot-tutorial] [http-nio-8080-exec-8] .m.m.a.ExceptionHandlerExceptionResolver : Resolved [com.example.tutorial.exception.ResourceNotFoundException: User Not Found]
2026-08-11T16:47:02.956+07:00  INFO 14836 --- [spring-boot-tutorial] [restartedMain] c.e.t.SpringBootTutorialApplication      : Starting SpringBootTutorialApplication using Java 21.0.12 with PID 14836 (D:\Spring boot\spring-boot-tutorial\target\classes started by TUF in D:\Spring boot\spring-boot-tutorial)
2026-08-11T16:47:02.957+07:00 DEBUG 14836 --- [spring-boot-tutorial] [restartedMain] c.e.t.SpringBootTutorialApplication      : Running with Spring Boot v4.1.0, Spring v7.0.8
2026-08-11T16:47:02.957+07:00  INFO 14836 --- [spring-boot-tutorial] [restartedMain] c.e.t.SpringBootTutorialApplication      : No active profile set, falling back to 1 default profile: "default"
2026-08-11T16:47:03.778+07:00  WARN 14836 --- [spring-boot-tutorial] [restartedMain] org.hibernate.orm.jdbc                   : HHH100123: Low default JDBC fetch size: 10 (consider setting 'hibernate.jdbc.fetch_size')
2026-08-11T16:47:03.901+07:00 DEBUG 14836 --- [spring-boot-tutorial] [restartedMain] c.e.t.security.JwtAuthenticationFilter   : Filter 'jwtAuthenticationFilter' configured for use
2026-08-11T16:47:03.926+07:00  WARN 14836 --- [spring-boot-tutorial] [restartedMain] ConfigServletWebServerApplicationContext : Exception encountered during context initialization - cancelling refresh attempt: org.springframework.beans.factory.BeanCreationException: Error creating bean with name 'userController': Lookup method resolution failed
2026-08-11T16:47:03.973+07:00  WARN 14836 --- [spring-boot-tutorial] [restartedMain] o.a.c.loader.WebappClassLoaderBase       : The web application [ROOT] appears to have started a thread named [OJDBC-WORKER-THREAD-5] but has failed to stop it. This is very likely to create a memory leak. Stack trace of thread:
 java.base/jdk.internal.misc.Unsafe.park(Native Method)
 java.base/java.util.concurrent.locks.LockSupport.parkNanos(LockSupport.java:410)
 java.base/java.util.concurrent.LinkedTransferQueue$DualNode.await(LinkedTransferQueue.java:452)
 java.base/java.util.concurrent.SynchronousQueue$Transferer.xferLifo(SynchronousQueue.java:194)
 java.base/java.util.concurrent.SynchronousQueue.xfer(SynchronousQueue.java:235)
 java.base/java.util.concurrent.SynchronousQueue.poll(SynchronousQueue.java:338)
 java.base/java.util.concurrent.ThreadPoolExecutor.getTask(ThreadPoolExecutor.java:1069)
 java.base/java.util.concurrent.ThreadPoolExecutor.runWorker(ThreadPoolExecutor.java:1130)
 java.base/java.util.concurrent.ThreadPoolExecutor$Worker.run(ThreadPoolExecutor.java:642)
 java.base/java.lang.Thread.run(Thread.java:1583)
2026-08-11T16:47:03.977+07:00 ERROR 14836 --- [spring-boot-tutorial] [restartedMain] o.s.boot.SpringApplication               : Application run failed

org.springframework.beans.factory.BeanCreationException: Error creating bean with name 'userController': Lookup method resolution failed
	at org.springframework.beans.factory.annotation.AutowiredAnnotationBeanPostProcessor.checkLookupMethods(AutowiredAnnotationBeanPostProcessor.java:482) ~[spring-beans-7.0.8.jar:7.0.8]
	at org.springframework.beans.factory.annotation.AutowiredAnnotationBeanPostProcessor.determineCandidateConstructors(AutowiredAnnotationBeanPostProcessor.java:352) ~[spring-beans-7.0.8.jar:7.0.8]
	at org.springframework.beans.factory.support.AbstractAutowireCapableBeanFactory.determineConstructorsFromBeanPostProcessors(AbstractAutowireCapableBeanFactory.java:1319) ~[spring-beans-7.0.8.jar:7.0.8]
	at org.springframework.beans.factory.support.AbstractAutowireCapableBeanFactory.createBeanInstance(AbstractAutowireCapableBeanFactory.java:1216) ~[spring-beans-7.0.8.jar:7.0.8]
	at org.springframework.beans.factory.support.AbstractAutowireCapableBeanFactory.doCreateBean(AbstractAutowireCapableBeanFactory.java:565) ~[spring-beans-7.0.8.jar:7.0.8]
	at org.springframework.beans.factory.support.AbstractAutowireCapableBeanFactory.createBean(AbstractAutowireCapableBeanFactory.java:525) ~[spring-beans-7.0.8.jar:7.0.8]
	at org.springframework.beans.factory.support.AbstractBeanFactory.lambda$doGetBean$0(AbstractBeanFactory.java:333) ~[spring-beans-7.0.8.jar:7.0.8]
	at org.springframework.beans.factory.support.DefaultSingletonBeanRegistry.getSingleton(DefaultSingletonBeanRegistry.java:371) ~[spring-beans-7.0.8.jar:7.0.8]
	at org.springframework.beans.factory.support.AbstractBeanFactory.doGetBean(AbstractBeanFactory.java:331) ~[spring-beans-7.0.8.jar:7.0.8]
	at org.springframework.beans.factory.support.AbstractBeanFactory.getBean(AbstractBeanFactory.java:196) ~[spring-beans-7.0.8.jar:7.0.8]
	at org.springframework.beans.factory.support.DefaultListableBeanFactory.instantiateSingleton(DefaultListableBeanFactory.java:1225) ~[spring-beans-7.0.8.jar:7.0.8]
	at org.springframework.beans.factory.support.DefaultListableBeanFactory.preInstantiateSingleton(DefaultListableBeanFactory.java:1191) ~[spring-beans-7.0.8.jar:7.0.8]
	at org.springframework.beans.factory.support.DefaultListableBeanFactory.preInstantiateSingletons(DefaultListableBeanFactory.java:1121) ~[spring-beans-7.0.8.jar:7.0.8]
	at org.springframework.context.support.AbstractApplicationContext.finishBeanFactoryInitialization(AbstractApplicationContext.java:994) ~[spring-context-7.0.8.jar:7.0.8]
	at org.springframework.context.support.AbstractApplicationContext.refresh(AbstractApplicationContext.java:621) ~[spring-context-7.0.8.jar:7.0.8]
	at org.springframework.boot.web.server.servlet.context.ServletWebServerApplicationContext.refresh(ServletWebServerApplicationContext.java:143) ~[spring-boot-web-server-4.1.0.jar:4.1.0]
	at org.springframework.boot.SpringApplication.refresh(SpringApplication.java:756) ~[spring-boot-4.1.0.jar:4.1.0]
	at org.springframework.boot.SpringApplication.refreshContext(SpringApplication.java:445) ~[spring-boot-4.1.0.jar:4.1.0]
	at org.springframework.boot.SpringApplication.run(SpringApplication.java:321) ~[spring-boot-4.1.0.jar:4.1.0]
	at org.springframework.boot.SpringApplication.run(SpringApplication.java:1365) ~[spring-boot-4.1.0.jar:4.1.0]
	at org.springframework.boot.SpringApplication.run(SpringApplication.java:1354) ~[spring-boot-4.1.0.jar:4.1.0]
	at com.example.tutorial.SpringBootTutorialApplication.main(SpringBootTutorialApplication.java:10) ~[classes/:na]
	at java.base/jdk.internal.reflect.DirectMethodHandleAccessor.invoke(DirectMethodHandleAccessor.java:103) ~[na:na]
	at java.base/java.lang.reflect.Method.invoke(Method.java:580) ~[na:na]
	at org.springframework.boot.devtools.restart.RestartLauncher.run(RestartLauncher.java:52) ~[spring-boot-devtools-4.1.0.jar:4.1.0]
Caused by: java.lang.IllegalStateException: Failed to introspect Class [com.example.tutorial.controller.UserController] from ClassLoader [org.springframework.boot.devtools.restart.classloader.RestartClassLoader@58e9029f]
	at org.springframework.util.ReflectionUtils.getDeclaredMethods(ReflectionUtils.java:483) ~[spring-core-7.0.8.jar:7.0.8]
	at org.springframework.util.ReflectionUtils.doWithLocalMethods(ReflectionUtils.java:320) ~[spring-core-7.0.8.jar:7.0.8]
	at org.springframework.beans.factory.annotation.AutowiredAnnotationBeanPostProcessor.checkLookupMethods(AutowiredAnnotationBeanPostProcessor.java:460) ~[spring-beans-7.0.8.jar:7.0.8]
	... 24 common frames omitted
Caused by: java.lang.NoClassDefFoundError: com/example/tutorial/dto/Request/UserRequest
	at java.base/java.lang.Class.getDeclaredMethods0(Native Method) ~[na:na]
	at java.base/java.lang.Class.privateGetDeclaredMethods(Class.java:3580) ~[na:na]
	at java.base/java.lang.Class.getDeclaredMethods(Class.java:2678) ~[na:na]
	at org.springframework.util.ReflectionUtils.getDeclaredMethods(ReflectionUtils.java:465) ~[spring-core-7.0.8.jar:7.0.8]
	... 26 common frames omitted
Caused by: java.lang.ClassNotFoundException: com.example.tutorial.dto.Request.UserRequest
	at java.base/jdk.internal.loader.BuiltinClassLoader.loadClass(BuiltinClassLoader.java:641) ~[na:na]
	at java.base/jdk.internal.loader.ClassLoaders$AppClassLoader.loadClass(ClassLoaders.java:188) ~[na:na]
	at java.base/java.lang.ClassLoader.loadClass(ClassLoader.java:526) ~[na:na]
	at java.base/java.lang.Class.forName0(Native Method) ~[na:na]
	at java.base/java.lang.Class.forName(Class.java:536) ~[na:na]
	at java.base/java.lang.Class.forName(Class.java:515) ~[na:na]
	at org.springframework.boot.devtools.restart.classloader.RestartClassLoader.loadClass(RestartClassLoader.java:123) ~[spring-boot-devtools-4.1.0.jar:4.1.0]
	at java.base/java.lang.ClassLoader.loadClass(ClassLoader.java:526) ~[na:na]
	... 30 common frames omitted

2026-08-11T16:47:09.426+07:00  INFO 14836 --- [spring-boot-tutorial] [restartedMain] c.e.t.SpringBootTutorialApplication      : Starting SpringBootTutorialApplication using Java 21.0.12 with PID 14836 (D:\Spring boot\spring-boot-tutorial\target\classes started by TUF in D:\Spring boot\spring-boot-tutorial)
2026-08-11T16:47:09.426+07:00 DEBUG 14836 --- [spring-boot-tutorial] [restartedMain] c.e.t.SpringBootTutorialApplication      : Running with Spring Boot v4.1.0, Spring v7.0.8
2026-08-11T16:47:09.426+07:00  INFO 14836 --- [spring-boot-tutorial] [restartedMain] c.e.t.SpringBootTutorialApplication      : No active profile set, falling back to 1 default profile: "default"
2026-08-11T16:47:09.712+07:00  WARN 14836 --- [spring-boot-tutorial] [restartedMain] org.hibernate.orm.jdbc                   : HHH100123: Low default JDBC fetch size: 10 (consider setting 'hibernate.jdbc.fetch_size')
2026-08-11T16:47:09.812+07:00 DEBUG 14836 --- [spring-boot-tutorial] [restartedMain] c.e.t.security.JwtAuthenticationFilter   : Filter 'jwtAuthenticationFilter' configured for use
2026-08-11T16:47:09.841+07:00  WARN 14836 --- [spring-boot-tutorial] [restartedMain] JpaBaseConfiguration$JpaWebConfiguration : spring.jpa.open-in-view is enabled by default. Therefore, database queries may be performed during view rendering. Explicitly configure spring.jpa.open-in-view to disable this warning
2026-08-11T16:47:09.849+07:00  WARN 14836 --- [spring-boot-tutorial] [restartedMain] .s.a.UserDetailsServiceAutoConfiguration : 

Using generated security password: 4500fdcd-4014-4c02-91b6-46b8e3ed68d3

This generated password is for development use only. Your security configuration must be updated before running your application in production.

2026-08-11T16:47:09.942+07:00  INFO 14836 --- [spring-boot-tutorial] [restartedMain] c.e.t.SpringBootTutorialApplication      : Started SpringBootTutorialApplication in 0.526 seconds (process running for 1664.487)
2026-08-11T16:47:47.054+07:00  INFO 14836 --- [spring-boot-tutorial] [restartedMain] c.e.t.SpringBootTutorialApplication      : Starting SpringBootTutorialApplication using Java 21.0.12 with PID 14836 (D:\Spring boot\spring-boot-tutorial\target\classes started by TUF in D:\Spring boot\spring-boot-tutorial)
2026-08-11T16:47:47.054+07:00 DEBUG 14836 --- [spring-boot-tutorial] [restartedMain] c.e.t.SpringBootTutorialApplication      : Running with Spring Boot v4.1.0, Spring v7.0.8
2026-08-11T16:47:47.054+07:00  INFO 14836 --- [spring-boot-tutorial] [restartedMain] c.e.t.SpringBootTutorialApplication      : No active profile set, falling back to 1 default profile: "default"
2026-08-11T16:47:47.750+07:00  WARN 14836 --- [spring-boot-tutorial] [restartedMain] org.hibernate.orm.jdbc                   : HHH100123: Low default JDBC fetch size: 10 (consider setting 'hibernate.jdbc.fetch_size')
2026-08-11T16:47:47.964+07:00 DEBUG 14836 --- [spring-boot-tutorial] [restartedMain] c.e.t.security.JwtAuthenticationFilter   : Filter 'jwtAuthenticationFilter' configured for use
2026-08-11T16:47:48.012+07:00  WARN 14836 --- [spring-boot-tutorial] [restartedMain] ConfigServletWebServerApplicationContext : Exception encountered during context initialization - cancelling refresh attempt: org.springframework.beans.factory.BeanCreationException: Error creating bean with name 'userController': Lookup method resolution failed
2026-08-11T16:47:48.080+07:00 ERROR 14836 --- [spring-boot-tutorial] [restartedMain] o.s.boot.SpringApplication               : Application run failed

org.springframework.beans.factory.BeanCreationException: Error creating bean with name 'userController': Lookup method resolution failed
	at org.springframework.beans.factory.annotation.AutowiredAnnotationBeanPostProcessor.checkLookupMethods(AutowiredAnnotationBeanPostProcessor.java:482) ~[spring-beans-7.0.8.jar:7.0.8]
	at org.springframework.beans.factory.annotation.AutowiredAnnotationBeanPostProcessor.determineCandidateConstructors(AutowiredAnnotationBeanPostProcessor.java:352) ~[spring-beans-7.0.8.jar:7.0.8]
	at org.springframework.beans.factory.support.AbstractAutowireCapableBeanFactory.determineConstructorsFromBeanPostProcessors(AbstractAutowireCapableBeanFactory.java:1319) ~[spring-beans-7.0.8.jar:7.0.8]
	at org.springframework.beans.factory.support.AbstractAutowireCapableBeanFactory.createBeanInstance(AbstractAutowireCapableBeanFactory.java:1216) ~[spring-beans-7.0.8.jar:7.0.8]
	at org.springframework.beans.factory.support.AbstractAutowireCapableBeanFactory.doCreateBean(AbstractAutowireCapableBeanFactory.java:565) ~[spring-beans-7.0.8.jar:7.0.8]
	at org.springframework.beans.factory.support.AbstractAutowireCapableBeanFactory.createBean(AbstractAutowireCapableBeanFactory.java:525) ~[spring-beans-7.0.8.jar:7.0.8]
	at org.springframework.beans.factory.support.AbstractBeanFactory.lambda$doGetBean$0(AbstractBeanFactory.java:333) ~[spring-beans-7.0.8.jar:7.0.8]
	at org.springframework.beans.factory.support.DefaultSingletonBeanRegistry.getSingleton(DefaultSingletonBeanRegistry.java:371) ~[spring-beans-7.0.8.jar:7.0.8]
	at org.springframework.beans.factory.support.AbstractBeanFactory.doGetBean(AbstractBeanFactory.java:331) ~[spring-beans-7.0.8.jar:7.0.8]
	at org.springframework.beans.factory.support.AbstractBeanFactory.getBean(AbstractBeanFactory.java:196) ~[spring-beans-7.0.8.jar:7.0.8]
	at org.springframework.beans.factory.support.DefaultListableBeanFactory.instantiateSingleton(DefaultListableBeanFactory.java:1225) ~[spring-beans-7.0.8.jar:7.0.8]
	at org.springframework.beans.factory.support.DefaultListableBeanFactory.preInstantiateSingleton(DefaultListableBeanFactory.java:1191) ~[spring-beans-7.0.8.jar:7.0.8]
	at org.springframework.beans.factory.support.DefaultListableBeanFactory.preInstantiateSingletons(DefaultListableBeanFactory.java:1121) ~[spring-beans-7.0.8.jar:7.0.8]
	at org.springframework.context.support.AbstractApplicationContext.finishBeanFactoryInitialization(AbstractApplicationContext.java:994) ~[spring-context-7.0.8.jar:7.0.8]
	at org.springframework.context.support.AbstractApplicationContext.refresh(AbstractApplicationContext.java:621) ~[spring-context-7.0.8.jar:7.0.8]
	at org.springframework.boot.web.server.servlet.context.ServletWebServerApplicationContext.refresh(ServletWebServerApplicationContext.java:143) ~[spring-boot-web-server-4.1.0.jar:4.1.0]
	at org.springframework.boot.SpringApplication.refresh(SpringApplication.java:756) ~[spring-boot-4.1.0.jar:4.1.0]
	at org.springframework.boot.SpringApplication.refreshContext(SpringApplication.java:445) ~[spring-boot-4.1.0.jar:4.1.0]
	at org.springframework.boot.SpringApplication.run(SpringApplication.java:321) ~[spring-boot-4.1.0.jar:4.1.0]
	at org.springframework.boot.SpringApplication.run(SpringApplication.java:1365) ~[spring-boot-4.1.0.jar:4.1.0]
	at org.springframework.boot.SpringApplication.run(SpringApplication.java:1354) ~[spring-boot-4.1.0.jar:4.1.0]
	at com.example.tutorial.SpringBootTutorialApplication.main(SpringBootTutorialApplication.java:10) ~[classes/:na]
	at java.base/jdk.internal.reflect.DirectMethodHandleAccessor.invoke(DirectMethodHandleAccessor.java:103) ~[na:na]
	at java.base/java.lang.reflect.Method.invoke(Method.java:580) ~[na:na]
	at org.springframework.boot.devtools.restart.RestartLauncher.run(RestartLauncher.java:52) ~[spring-boot-devtools-4.1.0.jar:4.1.0]
Caused by: java.lang.IllegalStateException: Failed to introspect Class [com.example.tutorial.controller.UserController] from ClassLoader [org.springframework.boot.devtools.restart.classloader.RestartClassLoader@517f2a4a]
	at org.springframework.util.ReflectionUtils.getDeclaredMethods(ReflectionUtils.java:483) ~[spring-core-7.0.8.jar:7.0.8]
	at org.springframework.util.ReflectionUtils.doWithLocalMethods(ReflectionUtils.java:320) ~[spring-core-7.0.8.jar:7.0.8]
	at org.springframework.beans.factory.annotation.AutowiredAnnotationBeanPostProcessor.checkLookupMethods(AutowiredAnnotationBeanPostProcessor.java:460) ~[spring-beans-7.0.8.jar:7.0.8]
	... 24 common frames omitted
Caused by: java.lang.NoClassDefFoundError: com/example/tutorial/dto/Request/UserRequest
	at java.base/java.lang.Class.getDeclaredMethods0(Native Method) ~[na:na]
	at java.base/java.lang.Class.privateGetDeclaredMethods(Class.java:3580) ~[na:na]
	at java.base/java.lang.Class.getDeclaredMethods(Class.java:2678) ~[na:na]
	at org.springframework.util.ReflectionUtils.getDeclaredMethods(ReflectionUtils.java:465) ~[spring-core-7.0.8.jar:7.0.8]
	... 26 common frames omitted
Caused by: java.lang.ClassNotFoundException: com.example.tutorial.dto.Request.UserRequest
	at java.base/jdk.internal.loader.BuiltinClassLoader.loadClass(BuiltinClassLoader.java:641) ~[na:na]
	at java.base/jdk.internal.loader.ClassLoaders$AppClassLoader.loadClass(ClassLoaders.java:188) ~[na:na]
	at java.base/java.lang.ClassLoader.loadClass(ClassLoader.java:526) ~[na:na]
	at java.base/java.lang.Class.forName0(Native Method) ~[na:na]
	at java.base/java.lang.Class.forName(Class.java:536) ~[na:na]
	at java.base/java.lang.Class.forName(Class.java:515) ~[na:na]
	at org.springframework.boot.devtools.restart.classloader.RestartClassLoader.loadClass(RestartClassLoader.java:123) ~[spring-boot-devtools-4.1.0.jar:4.1.0]
	at java.base/java.lang.ClassLoader.loadClass(ClassLoader.java:526) ~[na:na]
	... 30 common frames omitted

2026-08-11T16:47:49.559+07:00  INFO 14836 --- [spring-boot-tutorial] [restartedMain] c.e.t.SpringBootTutorialApplication      : Starting SpringBootTutorialApplication using Java 21.0.12 with PID 14836 (D:\Spring boot\spring-boot-tutorial\target\classes started by TUF in D:\Spring boot\spring-boot-tutorial)
2026-08-11T16:47:49.559+07:00 DEBUG 14836 --- [spring-boot-tutorial] [restartedMain] c.e.t.SpringBootTutorialApplication      : Running with Spring Boot v4.1.0, Spring v7.0.8
2026-08-11T16:47:49.559+07:00  INFO 14836 --- [spring-boot-tutorial] [restartedMain] c.e.t.SpringBootTutorialApplication      : No active profile set, falling back to 1 default profile: "default"
2026-08-11T16:47:50.184+07:00  WARN 14836 --- [spring-boot-tutorial] [restartedMain] org.hibernate.orm.jdbc                   : HHH100123: Low default JDBC fetch size: 10 (consider setting 'hibernate.jdbc.fetch_size')
2026-08-11T16:47:50.369+07:00 DEBUG 14836 --- [spring-boot-tutorial] [restartedMain] c.e.t.security.JwtAuthenticationFilter   : Filter 'jwtAuthenticationFilter' configured for use
2026-08-11T16:47:50.441+07:00  WARN 14836 --- [spring-boot-tutorial] [restartedMain] JpaBaseConfiguration$JpaWebConfiguration : spring.jpa.open-in-view is enabled by default. Therefore, database queries may be performed during view rendering. Explicitly configure spring.jpa.open-in-view to disable this warning
2026-08-11T16:47:50.456+07:00  WARN 14836 --- [spring-boot-tutorial] [restartedMain] .s.a.UserDetailsServiceAutoConfiguration : 

Using generated security password: 4a35170d-63ed-4cda-a716-1bbf433a020f

This generated password is for development use only. Your security configuration must be updated before running your application in production.

2026-08-11T16:47:50.645+07:00  INFO 14836 --- [spring-boot-tutorial] [restartedMain] c.e.t.SpringBootTutorialApplication      : Started SpringBootTutorialApplication in 1.111 seconds (process running for 1705.189)
2026-08-11T16:49:02.145+07:00  INFO 14836 --- [spring-boot-tutorial] [restartedMain] c.e.t.SpringBootTutorialApplication      : Starting SpringBootTutorialApplication using Java 21.0.12 with PID 14836 (D:\Spring boot\spring-boot-tutorial\target\classes started by TUF in D:\Spring boot\spring-boot-tutorial)
2026-08-11T16:49:02.145+07:00 DEBUG 14836 --- [spring-boot-tutorial] [restartedMain] c.e.t.SpringBootTutorialApplication      : Running with Spring Boot v4.1.0, Spring v7.0.8
2026-08-11T16:49:02.146+07:00  INFO 14836 --- [spring-boot-tutorial] [restartedMain] c.e.t.SpringBootTutorialApplication      : No active profile set, falling back to 1 default profile: "default"
2026-08-11T16:49:02.669+07:00  WARN 14836 --- [spring-boot-tutorial] [restartedMain] org.hibernate.orm.jdbc                   : HHH100123: Low default JDBC fetch size: 10 (consider setting 'hibernate.jdbc.fetch_size')
2026-08-11T16:49:02.769+07:00 DEBUG 14836 --- [spring-boot-tutorial] [restartedMain] c.e.t.security.JwtAuthenticationFilter   : Filter 'jwtAuthenticationFilter' configured for use
2026-08-11T16:49:02.789+07:00  WARN 14836 --- [spring-boot-tutorial] [restartedMain] ConfigServletWebServerApplicationContext : Exception encountered during context initialization - cancelling refresh attempt: org.springframework.beans.factory.UnsatisfiedDependencyException: Error creating bean with name 'userController' defined in file [D:\Spring boot\spring-boot-tutorial\target\classes\com\example\tutorial\controller\UserController.class]: Unsatisfied dependency expressed through constructor parameter 0: No qualifying bean of type 'com.example.tutorial.service.UserService' available: expected at least 1 bean which qualifies as autowire candidate. Dependency annotations: {}
2026-08-11T16:49:02.829+07:00  WARN 14836 --- [spring-boot-tutorial] [restartedMain] o.a.c.loader.WebappClassLoaderBase       : The web application [ROOT] appears to have started a thread named [OJDBC-WORKER-THREAD-6] but has failed to stop it. This is very likely to create a memory leak. Stack trace of thread:
 java.base/jdk.internal.misc.Unsafe.park(Native Method)
 java.base/java.util.concurrent.locks.LockSupport.parkNanos(LockSupport.java:410)
 java.base/java.util.concurrent.LinkedTransferQueue$DualNode.await(LinkedTransferQueue.java:452)
 java.base/java.util.concurrent.SynchronousQueue$Transferer.xferLifo(SynchronousQueue.java:194)
 java.base/java.util.concurrent.SynchronousQueue.xfer(SynchronousQueue.java:235)
 java.base/java.util.concurrent.SynchronousQueue.poll(SynchronousQueue.java:338)
 java.base/java.util.concurrent.ThreadPoolExecutor.getTask(ThreadPoolExecutor.java:1069)
 java.base/java.util.concurrent.ThreadPoolExecutor.runWorker(ThreadPoolExecutor.java:1130)
 java.base/java.util.concurrent.ThreadPoolExecutor$Worker.run(ThreadPoolExecutor.java:642)
 java.base/java.lang.Thread.run(Thread.java:1583)
2026-08-11T16:49:02.834+07:00 ERROR 14836 --- [spring-boot-tutorial] [restartedMain] o.s.b.d.LoggingFailureAnalysisReporter   : 

***************************
APPLICATION FAILED TO START
***************************

Description:

Parameter 0 of constructor in com.example.tutorial.controller.UserController required a bean of type 'com.example.tutorial.service.UserService' that could not be found.


Action:

Consider defining a bean of type 'com.example.tutorial.service.UserService' in your configuration.

2026-08-11T16:49:04.256+07:00  INFO 14836 --- [spring-boot-tutorial] [restartedMain] c.e.t.SpringBootTutorialApplication      : Starting SpringBootTutorialApplication using Java 21.0.12 with PID 14836 (D:\Spring boot\spring-boot-tutorial\target\classes started by TUF in D:\Spring boot\spring-boot-tutorial)
2026-08-11T16:49:04.256+07:00 DEBUG 14836 --- [spring-boot-tutorial] [restartedMain] c.e.t.SpringBootTutorialApplication      : Running with Spring Boot v4.1.0, Spring v7.0.8
2026-08-11T16:49:04.256+07:00  INFO 14836 --- [spring-boot-tutorial] [restartedMain] c.e.t.SpringBootTutorialApplication      : No active profile set, falling back to 1 default profile: "default"
2026-08-11T16:49:04.557+07:00  WARN 14836 --- [spring-boot-tutorial] [restartedMain] org.hibernate.orm.jdbc                   : HHH100123: Low default JDBC fetch size: 10 (consider setting 'hibernate.jdbc.fetch_size')
2026-08-11T16:49:04.654+07:00 DEBUG 14836 --- [spring-boot-tutorial] [restartedMain] c.e.t.security.JwtAuthenticationFilter   : Filter 'jwtAuthenticationFilter' configured for use
2026-08-11T16:49:04.679+07:00  WARN 14836 --- [spring-boot-tutorial] [restartedMain] JpaBaseConfiguration$JpaWebConfiguration : spring.jpa.open-in-view is enabled by default. Therefore, database queries may be performed during view rendering. Explicitly configure spring.jpa.open-in-view to disable this warning
2026-08-11T16:49:04.685+07:00  WARN 14836 --- [spring-boot-tutorial] [restartedMain] .s.a.UserDetailsServiceAutoConfiguration : 

Using generated security password: 7b350b4a-5ac4-4cd8-a781-b659efb5d837

This generated password is for development use only. Your security configuration must be updated before running your application in production.

2026-08-11T16:49:04.758+07:00  INFO 14836 --- [spring-boot-tutorial] [restartedMain] c.e.t.SpringBootTutorialApplication      : Started SpringBootTutorialApplication in 0.514 seconds (process running for 1779.302)
